Archive member included to satisfy reference by file (symbol)

c:/st/stm32cubeide_1.7.0/stm32cubeide/plugins/com.st.stm32cube.ide.mcu.externaltools.gnu-tools-for-stm32.9-2020-q2-update.win32_2.0.0.202105311346/tools/bin/../lib/gcc/arm-none-eabi/9.3.1/../../../../arm-none-eabi/lib/thumb/v7-m/nofp\libc_nano.a(lib_a-errno.o)
                              ./Core/Src/syscalls.o (__errno)
c:/st/stm32cubeide_1.7.0/stm32cubeide/plugins/com.st.stm32cube.ide.mcu.externaltools.gnu-tools-for-stm32.9-2020-q2-update.win32_2.0.0.202105311346/tools/bin/../lib/gcc/arm-none-eabi/9.3.1/../../../../arm-none-eabi/lib/thumb/v7-m/nofp\libc_nano.a(lib_a-exit.o)
                              c:/st/stm32cubeide_1.7.0/stm32cubeide/plugins/com.st.stm32cube.ide.mcu.externaltools.gnu-tools-for-stm32.9-2020-q2-update.win32_2.0.0.202105311346/tools/bin/../lib/gcc/arm-none-eabi/9.3.1/../../../../arm-none-eabi/lib/thumb/v7-m/nofp/crt0.o (exit)
c:/st/stm32cubeide_1.7.0/stm32cubeide/plugins/com.st.stm32cube.ide.mcu.externaltools.gnu-tools-for-stm32.9-2020-q2-update.win32_2.0.0.202105311346/tools/bin/../lib/gcc/arm-none-eabi/9.3.1/../../../../arm-none-eabi/lib/thumb/v7-m/nofp\libc_nano.a(lib_a-impure.o)
                              c:/st/stm32cubeide_1.7.0/stm32cubeide/plugins/com.st.stm32cube.ide.mcu.externaltools.gnu-tools-for-stm32.9-2020-q2-update.win32_2.0.0.202105311346/tools/bin/../lib/gcc/arm-none-eabi/9.3.1/../../../../arm-none-eabi/lib/thumb/v7-m/nofp\libc_nano.a(lib_a-exit.o) (_global_impure_ptr)
c:/st/stm32cubeide_1.7.0/stm32cubeide/plugins/com.st.stm32cube.ide.mcu.externaltools.gnu-tools-for-stm32.9-2020-q2-update.win32_2.0.0.202105311346/tools/bin/../lib/gcc/arm-none-eabi/9.3.1/../../../../arm-none-eabi/lib/thumb/v7-m/nofp\libc_nano.a(lib_a-init.o)
                              c:/st/stm32cubeide_1.7.0/stm32cubeide/plugins/com.st.stm32cube.ide.mcu.externaltools.gnu-tools-for-stm32.9-2020-q2-update.win32_2.0.0.202105311346/tools/bin/../lib/gcc/arm-none-eabi/9.3.1/../../../../arm-none-eabi/lib/thumb/v7-m/nofp/crt0.o (__libc_init_array)
c:/st/stm32cubeide_1.7.0/stm32cubeide/plugins/com.st.stm32cube.ide.mcu.externaltools.gnu-tools-for-stm32.9-2020-q2-update.win32_2.0.0.202105311346/tools/bin/../lib/gcc/arm-none-eabi/9.3.1/../../../../arm-none-eabi/lib/thumb/v7-m/nofp\libc_nano.a(lib_a-memset.o)
                              c:/st/stm32cubeide_1.7.0/stm32cubeide/plugins/com.st.stm32cube.ide.mcu.externaltools.gnu-tools-for-stm32.9-2020-q2-update.win32_2.0.0.202105311346/tools/bin/../lib/gcc/arm-none-eabi/9.3.1/../../../../arm-none-eabi/lib/thumb/v7-m/nofp/crt0.o (memset)
c:/st/stm32cubeide_1.7.0/stm32cubeide/plugins/com.st.stm32cube.ide.mcu.externaltools.gnu-tools-for-stm32.9-2020-q2-update.win32_2.0.0.202105311346/tools/bin/../lib/gcc/arm-none-eabi/9.3.1/../../../../arm-none-eabi/lib/thumb/v7-m/nofp\libm.a(lib_a-s_ceil.o)
                              ./Core/Src/fsm_manual.o (ceil)
c:/st/stm32cubeide_1.7.0/stm32cubeide/plugins/com.st.stm32cube.ide.mcu.externaltools.gnu-tools-for-stm32.9-2020-q2-update.win32_2.0.0.202105311346/tools/bin/../lib/gcc/arm-none-eabi/9.3.1/thumb/v7-m/nofp\libgcc.a(_arm_muldf3.o)
                              ./Core/Src/fsm_manual.o (__aeabi_dmul)
c:/st/stm32cubeide_1.7.0/stm32cubeide/plugins/com.st.stm32cube.ide.mcu.externaltools.gnu-tools-for-stm32.9-2020-q2-update.win32_2.0.0.202105311346/tools/bin/../lib/gcc/arm-none-eabi/9.3.1/thumb/v7-m/nofp\libgcc.a(_arm_addsubdf3.o)
                              c:/st/stm32cubeide_1.7.0/stm32cubeide/plugins/com.st.stm32cube.ide.mcu.externaltools.gnu-tools-for-stm32.9-2020-q2-update.win32_2.0.0.202105311346/tools/bin/../lib/gcc/arm-none-eabi/9.3.1/../../../../arm-none-eabi/lib/thumb/v7-m/nofp\libm.a(lib_a-s_ceil.o) (__aeabi_dadd)
c:/st/stm32cubeide_1.7.0/stm32cubeide/plugins/com.st.stm32cube.ide.mcu.externaltools.gnu-tools-for-stm32.9-2020-q2-update.win32_2.0.0.202105311346/tools/bin/../lib/gcc/arm-none-eabi/9.3.1/thumb/v7-m/nofp\libgcc.a(_arm_cmpdf2.o)
                              c:/st/stm32cubeide_1.7.0/stm32cubeide/plugins/com.st.stm32cube.ide.mcu.externaltools.gnu-tools-for-stm32.9-2020-q2-update.win32_2.0.0.202105311346/tools/bin/../lib/gcc/arm-none-eabi/9.3.1/../../../../arm-none-eabi/lib/thumb/v7-m/nofp\libm.a(lib_a-s_ceil.o) (__aeabi_dcmpgt)
c:/st/stm32cubeide_1.7.0/stm32cubeide/plugins/com.st.stm32cube.ide.mcu.externaltools.gnu-tools-for-stm32.9-2020-q2-update.win32_2.0.0.202105311346/tools/bin/../lib/gcc/arm-none-eabi/9.3.1/thumb/v7-m/nofp\libgcc.a(_arm_fixdfsi.o)
                              ./Core/Src/fsm_manual.o (__aeabi_d2iz)

Allocating common symbols
Common symbol       size              file

SCH_tasks_G         0xf0              ./Core/Src/scheduler.o
timer_counter       0xc               ./Core/Src/timer.o
uwTick              0x4               ./Drivers/STM32F1xx_HAL_Driver/Src/stm32f1xx_hal.o
pFlash              0x20              ./Drivers/STM32F1xx_HAL_Driver/Src/stm32f1xx_hal_flash.o
[...]
Memory Configuration

Name             Origin             Length             Attributes
RAM              0x0000000020000000 0x0000000000002800 xrw
FLASH            0x0000000008000000 0x0000000000008000 xr
*default*        0x0000000000000000 0xffffffffffffffff

Linker script and memory map

LOAD c:/st/stm32cubeide_1.7.0/stm32cubeide/plugins/com.st.stm32cube.ide.mcu.externaltools.gnu-tools-for-stm32.9-2020-q2-update.win32_2.0.0.202105311346/tools/bin/../lib/gcc/arm-none-eabi/9.3.1/thumb/v7-m/nofp/crti.o
LOAD c:/st/stm32cubeide_1.7.0/stm32cubeide/plugins/com.st.stm32cube.ide.mcu.externaltools.gnu-tools-for-stm32.9-2020-q2-update.win32_2.0.0.202105311346/tools/bin/../lib/gcc/arm-none-eabi/9.3.1/thumb/v7-m/nofp/crtbegin.o
LOAD c:/st/stm32cubeide_1.7.0/stm32cubeide/plugins/com.st.stm32cube.ide.mcu.externaltools.gnu-tools-for-stm32.9-2020-q2-update.win32_2.0.0.202105311346/tools/bin/../lib/gcc/arm-none-eabi/9.3.1/../../../../arm-none-eabi/lib/thumb/v7-m/nofp/crt0.o
LOAD ./Core/Src/7_SEGMENT.o
LOAD ./Core/Src/button.o
LOAD ./Core/Src/fsm_auto.o
LOAD ./Core/Src/fsm_manual.o
LOAD ./Core/Src/global.o
LOAD ./Core/Src/led.o
LOAD ./Core/Src/main.o
LOAD ./Core/Src/scheduler.o
LOAD ./Core/Src/stm32f1xx_hal_msp.o
LOAD ./Core/Src/stm32f1xx_it.o
LOAD ./Core/Src/syscalls.o
LOAD ./Core/Src/sysmem.o
LOAD ./Core/Src/system_stm32f1xx.o
LOAD ./Core/Src/timer.o
LOAD ./Core/Startup/startup_stm32f103c6ux.o
LOAD ./Drivers/STM32F1xx_HAL_Driver/Src/stm32f1xx_hal.o
LOAD ./Drivers/STM32F1xx_HAL_Driver/Src/stm32f1xx_hal_cortex.o
LOAD ./Drivers/STM32F1xx_HAL_Driver/Src/stm32f1xx_hal_dma.o
LOAD ./Drivers/STM32F1xx_HAL_Driver/Src/stm32f1xx_hal_exti.o
LOAD ./Drivers/STM32F1xx_HAL_Driver/Src/stm32f1xx_hal_flash.o
LOAD ./Drivers/STM32F1xx_HAL_Driver/Src/stm32f1xx_hal_flash_ex.o
LOAD ./Drivers/STM32F1xx_HAL_Driver/Src/stm32f1xx_hal_gpio.o
LOAD ./Drivers/STM32F1xx_HAL_Driver/Src/stm32f1xx_hal_gpio_ex.o
LOAD ./Drivers/STM32F1xx_HAL_Driver/Src/stm32f1xx_hal_pwr.o
LOAD ./Drivers/STM32F1xx_HAL_Driver/Src/stm32f1xx_hal_rcc.o
LOAD ./Drivers/STM32F1xx_HAL_Driver/Src/stm32f1xx_hal_rcc_ex.o
LOAD ./Drivers/STM32F1xx_HAL_Driver/Src/stm32f1xx_hal_tim.o
LOAD ./Drivers/STM32F1xx_HAL_Driver/Src/stm32f1xx_hal_tim_ex.o
START GROUP
LOAD c:/st/stm32cubeide_1.7.0/stm32cubeide/plugins/com.st.stm32cube.ide.mcu.externaltools.gnu-tools-for-stm32.9-2020-q2-update.win32_2.0.0.202105311346/tools/bin/../lib/gcc/arm-none-eabi/9.3.1/../../../../arm-none-eabi/lib/thumb/v7-m/nofp\libc_nano.a
LOAD c:/st/stm32cubeide_1.7.0/stm32cubeide/plugins/com.st.stm32cube.ide.mcu.externaltools.gnu-tools-for-stm32.9-2020-q2-update.win32_2.0.0.202105311346/tools/bin/../lib/gcc/arm-none-eabi/9.3.1/../../../../arm-none-eabi/lib/thumb/v7-m/nofp\libm.a
END GROUP
START GROUP
LOAD c:/st/stm32cubeide_1.7.0/stm32cubeide/plugins/com.st.stm32cube.ide.mcu.externaltools.gnu-tools-for-stm32.9-2020-q2-update.win32_2.0.0.202105311346/tools/bin/../lib/gcc/arm-none-eabi/9.3.1/thumb/v7-m/nofp\libgcc.a
LOAD c:/st/stm32cubeide_1.7.0/stm32cubeide/plugins/com.st.stm32cube.ide.mcu.externaltools.gnu-tools-for-stm32.9-2020-q2-update.win32_2.0.0.202105311346/tools/bin/../lib/gcc/arm-none-eabi/9.3.1/../../../../arm-none-eabi/lib/thumb/v7-m/nofp\libc_nano.a
END GROUP
START GROUP
LOAD c:/st/stm32cubeide_1.7.0/stm32cubeide/plugins/com.st.stm32cube.ide.mcu.externaltools.gnu-tools-for-stm32.9-2020-q2-update.win32_2.0.0.202105311346/tools/bin/../lib/gcc/arm-none-eabi/9.3.1/thumb/v7-m/nofp\libgcc.a
LOAD c:/st/stm32cubeide_1.7.0/stm32cubeide/plugins/com.st.stm32cube.ide.mcu.externaltools.gnu-tools-for-stm32.9-2020-q2-update.win32_2.0.0.202105311346/tools/bin/../lib/gcc/arm-none-eabi/9.3.1/../../../../arm-none-eabi/lib/thumb/v7-m/nofp\libc_nano.a
LOAD c:/st/stm32cubeide_1.7.0/stm32cubeide/plugins/com.st.stm32cube.ide.mcu.externaltools.gnu-tools-for-stm32.9-2020-q2-update.win32_2.0.0.202105311346/tools/bin/../lib/gcc/arm-none-eabi/9.3.1/../../../../arm-none-eabi/lib/thumb/v7-m/nofp\libnosys.a
END GROUP
START GROUP
LOAD c:/st/stm32cubeide_1.7.0/stm32cubeide/plugins/com.st.stm32cube.ide.mcu.externaltools.gnu-tools-for-stm32.9-2020-q2-update.win32_2.0.0.202105311346/tools/bin/../lib/gcc/arm-none-eabi/9.3.1/thumb/v7-m/nofp\libgcc.a
LOAD c:/st/stm32cubeide_1.7.0/stm32cubeide/plugins/com.st.stm32cube.ide.mcu.externaltools.gnu-tools-for-stm32.9-2020-q2-update.win32_2.0.0.202105311346/tools/bin/../lib/gcc/arm-none-eabi/9.3.1/../../../../arm-none-eabi/lib/thumb/v7-m/nofp\libc_nano.a
LOAD c:/st/stm32cubeide_1.7.0/stm32cubeide/plugins/com.st.stm32cube.ide.mcu.externaltools.gnu-tools-for-stm32.9-2020-q2-update.win32_2.0.0.202105311346/tools/bin/../lib/gcc/arm-none-eabi/9.3.1/../../../../arm-none-eabi/lib/thumb/v7-m/nofp\libnosys.a
END GROUP
LOAD c:/st/stm32cubeide_1.7.0/stm32cubeide/plugins/com.st.stm32cube.ide.mcu.externaltools.gnu-tools-for-stm32.9-2020-q2-update.win32_2.0.0.202105311346/tools/bin/../lib/gcc/arm-none-eabi/9.3.1/thumb/v7-m/nofp/crtend.o
LOAD c:/st/stm32cubeide_1.7.0/stm32cubeide/plugins/com.st.stm32cube.ide.mcu.externaltools.gnu-tools-for-stm32.9-2020-q2-update.win32_2.0.0.202105311346/tools/bin/../lib/gcc/arm-none-eabi/9.3.1/thumb/v7-m/nofp/crtn.o
                0x0000000020002800                _estack = (ORIGIN (RAM) + LENGTH (RAM))
                0x0000000000000200                _Min_Heap_Size = 0x200
                0x0000000000000400                _Min_Stack_Size = 0x400

.isr_vector     0x0000000008000000      0x10c
                0x0000000008000000                . = ALIGN (0x4)
 *(.isr_vector)
 .isr_vector    0x0000000008000000      0x10c ./Core/Startup/startup_stm32f103c6ux.o
                0x0000000008000000                g_pfnVectors
                0x000000000800010c                . = ALIGN (0x4)

.text           0x0000000008000110     0x3108
                0x0000000008000110                . = ALIGN (0x4)
 *(.text)
 .text          0x0000000008000110       0x40 c:/st/stm32cubeide_1.7.0/stm32cubeide/plugins/com.st.stm32cube.ide.mcu.externaltools.gnu-tools-for-stm32.9-2020-q2-update.win32_2.0.0.202105311346/tools/bin/../lib/gcc/arm-none-eabi/9.3.1/thumb/v7-m/nofp/crtbegin.o
 .text          0x0000000008000150      0x254 c:/st/stm32cubeide_1.7.0/stm32cubeide/plugins/com.st.stm32cube.ide.mcu.externaltools.gnu-tools-for-stm32.9-2020-q2-update.win32_2.0.0.202105311346/tools/bin/../lib/gcc/arm-none-eabi/9.3.1/thumb/v7-m/nofp\libgcc.a(_arm_muldf3.o)
                0x0000000008000150                __muldf3
                0x0000000008000150                __aeabi_dmul
 .text          0x00000000080003a4      0x378 c:/st/stm32cubeide_1.7.0/stm32cubeide/plugins/com.st.stm32cube.ide.mcu.externaltools.gnu-tools-for-stm32.9-2020-q2-update.win32_2.0.0.202105311346/tools/bin/../lib/gcc/arm-none-eabi/9.3.1/thumb/v7-m/nofp\libgcc.a(_arm_addsubdf3.o)
                0x00000000080003a4                __aeabi_drsub
                0x00000000080003ac                __aeabi_dsub
                0x00000000080003ac                __subdf3
                0x00000000080003b0                __aeabi_dadd
                0x00000000080003b0                __adddf3
                0x0000000008000628                __floatunsidf
                0x0000000008000628                __aeabi_ui2d
                0x0000000008000648                __floatsidf
                0x0000000008000648                __aeabi_i2d
                0x000000000800066c                __aeabi_f2d
                0x000000000800066c                __extendsfdf2
                0x00000000080006b0                __floatundidf
                0x00000000080006b0                __aeabi_ul2d
                0x00000000080006c0                __floatdidf
                0x00000000080006c0                __aeabi_l2d
 .text          0x000000000800071c      0x110 c:/st/stm32cubeide_1.7.0/stm32cubeide/plugins/com.st.stm32cube.ide.mcu.externaltools.gnu-tools-for-stm32.9-2020-q2-update.win32_2.0.0.202105311346/tools/bin/../lib/gcc/arm-none-eabi/9.3.1/thumb/v7-m/nofp\libgcc.a(_arm_cmpdf2.o)
                0x000000000800071c                __gtdf2
                0x000000000800071c                __gedf2
                0x0000000008000724                __ltdf2
                0x0000000008000724                __ledf2
                0x000000000800072c                __nedf2
                0x000000000800072c                __eqdf2
                0x000000000800072c                __cmpdf2
                0x00000000080007a8                __aeabi_cdrcmple
                0x00000000080007b8                __aeabi_cdcmpeq
                0x00000000080007b8                __aeabi_cdcmple
                0x00000000080007c8                __aeabi_dcmpeq
                0x00000000080007dc                __aeabi_dcmplt
                0x00000000080007f0                __aeabi_dcmple
                0x0000000008000804                __aeabi_dcmpge
                0x0000000008000818                __aeabi_dcmpgt
 .text          0x000000000800082c       0x50 c:/st/stm32cubeide_1.7.0/stm32cubeide/plugins/com.st.stm32cube.ide.mcu.externaltools.gnu-tools-for-stm32.9-2020-q2-update.win32_2.0.0.202105311346/tools/bin/../lib/gcc/arm-none-eabi/9.3.1/thumb/v7-m/nofp\libgcc.a(_arm_fixdfsi.o)
                0x000000000800082c                __aeabi_d2iz
                0x000000000800082c                __fixdfsi
 *(.text*)
 .text.display7SEG
                0x000000000800087c       0x6c ./Core/Src/7_SEGMENT.o
                0x000000000800087c                display7SEG
 .text.set7SEGValues
                0x00000000080008e8       0x28 ./Core/Src/7_SEGMENT.o
                0x00000000080008e8                set7SEGValues
 .text.update7SEG
                0x0000000008000910       0xf0 ./Core/Src/7_SEGMENT.o
                0x0000000008000910                update7SEG
 .text.isButtonPress
                0x0000000008000a00       0x34 ./Core/Src/button.o
                0x0000000008000a00                isButtonPress
 .text.isModePress
                0x0000000008000a34       0x10 ./Core/Src/button.o
                0x0000000008000a34                isModePress
 .text.isTimePress
                0x0000000008000a44       0x10 ./Core/Src/button.o
                0x0000000008000a44                isTimePress
 .text.isSetPress
                0x0000000008000a54       0x10 ./Core/Src/button.o
                0x0000000008000a54                isSetPress
 .text.getKeyInput
                0x0000000008000a64      0x118 ./Core/Src/button.o
                0x0000000008000a64                getKeyInput
 .text.init_fsm_auto
                0x0000000008000b7c       0x3c ./Core/Src/fsm_auto.o
                0x0000000008000b7c                init_fsm_auto
 .text.fsm_auto_run
                0x0000000008000bb8      0x118 ./Core/Src/fsm_auto.o
                0x0000000008000bb8                fsm_auto_run
 .text.init_fsm_manual
                0x0000000008000cd0       0x58 ./Core/Src/fsm_manual.o
                0x0000000008000cd0                init_fsm_manual
 .text.fsm_manual_run
                0x0000000008000d28      0x134 ./Core/Src/fsm_manual.o
                0x0000000008000d28                fsm_manual_run
 *fill*         0x0000000008000e5c        0x4 
 .text.valid_time
                0x0000000008000e60       0x8c ./Core/Src/fsm_manual.o
                0x0000000008000e60                valid_time
 .text.run      0x0000000008000eec       0x44 ./Core/Src/global.o
                0x0000000008000eec                run
 .text.turn_off_all
                0x0000000008000f30       0x4c ./Core/Src/led.o
                0x0000000008000f30                turn_off_all
 .text.setTrafficRedGreen
                0x0000000008000f7c       0x28 ./Core/Src/led.o
                0x0000000008000f7c                setTrafficRedGreen
 .text.setTrafficRedAmber
                0x0000000008000fa4       0x24 ./Core/Src/led.o
                0x0000000008000fa4                setTrafficRedAmber
 .text.setTrafficGreenRed
                0x0000000008000fc8       0x24 ./Core/Src/led.o
                0x0000000008000fc8                setTrafficGreenRed
 .text.setTrafficAmberRed
                0x0000000008000fec       0x24 ./Core/Src/led.o
                0x0000000008000fec                setTrafficAmberRed
 .text.blink_Red
                0x0000000008001010       0x1c ./Core/Src/led.o
                0x0000000008001010                blink_Red
 .text.blink_Green
                0x000000000800102c       0x20 ./Core/Src/led.o
                0x000000000800102c                blink_Green
 .text.blink_Amber
                0x000000000800104c       0x1c ./Core/Src/led.o
                0x000000000800104c                blink_Amber
 .text.SYS_LED_Blinky
                0x0000000008001068       0x14 ./Core/Src/led.o
                0x0000000008001068                SYS_LED_Blinky
 .text.main     0x000000000800107c       0x70 ./Core/Src/main.o
                0x000000000800107c                main
 .text.SystemClock_Config
                0x00000000080010ec       0x76 ./Core/Src/main.o
                0x00000000080010ec                SystemClock_Config
 *fill*         0x0000000008001162        0x2 
 .text.MX_TIM2_Init
                0x0000000008001164       0x98 ./Core/Src/main.o
 .text.MX_GPIO_Init
                0x00000000080011fc       0xc8 ./Core/Src/main.o
 .text.HAL_TIM_PeriodElapsedCallback
                0x00000000080012c4       0x14 ./Core/Src/main.o
                0x00000000080012c4                HAL_TIM_PeriodElapsedCallback
 .text.Error_Handler
                0x00000000080012d8        0xa ./Core/Src/main.o
                0x00000000080012d8                Error_Handler
 *fill*         0x00000000080012e2        0x2 
 .text.SCH_Insert_Into_Queue
                0x00000000080012e4      0x12c ./Core/Src/scheduler.o
                0x00000000080012e4                SCH_Insert_Into_Queue
 .text.SCH_Remove_From_Queue
                0x0000000008001410       0xac ./Core/Src/scheduler.o
                0x0000000008001410                SCH_Remove_From_Queue
 .text.SCH_Init
                0x00000000080014bc       0x80 ./Core/Src/scheduler.o
                0x00000000080014bc                SCH_Init
 .text.SCH_Add_Task
                0x000000000800153c       0xa0 ./Core/Src/scheduler.o
                0x000000000800153c                SCH_Add_Task
 .text.SCH_Delete_Task
                0x00000000080015dc      0x150 ./Core/Src/scheduler.o
                0x00000000080015dc                SCH_Delete_Task
 .text.SCH_Update
                0x000000000800172c      0x108 ./Core/Src/scheduler.o
                0x000000000800172c                SCH_Update
 .text.SCH_Dispatch_Tasks
                0x0000000008001834       0x98 ./Core/Src/scheduler.o
                0x0000000008001834                SCH_Dispatch_Tasks
 .text.HAL_MspInit
                0x00000000080018cc       0x64 ./Core/Src/stm32f1xx_hal_msp.o
                0x00000000080018cc                HAL_MspInit
 .text.HAL_TIM_Base_MspInit
                0x0000000008001930       0x48 ./Core/Src/stm32f1xx_hal_msp.o
                0x0000000008001930                HAL_TIM_Base_MspInit
 .text.NMI_Handler
                0x0000000008001978        0x6 ./Core/Src/stm32f1xx_it.o
                0x0000000008001978                NMI_Handler
 .text.HardFault_Handler
                0x000000000800197e        0x6 ./Core/Src/stm32f1xx_it.o
                0x000000000800197e                HardFault_Handler
 .text.MemManage_Handler
                0x0000000008001984        0x6 ./Core/Src/stm32f1xx_it.o
                0x0000000008001984                MemManage_Handler
 .text.BusFault_Handler
                0x000000000800198a        0x6 ./Core/Src/stm32f1xx_it.o
                0x000000000800198a                BusFault_Handler
 .text.UsageFault_Handler
                0x0000000008001990        0x6 ./Core/Src/stm32f1xx_it.o
                0x0000000008001990                UsageFault_Handler
 .text.SVC_Handler
                0x0000000008001996        0xc ./Core/Src/stm32f1xx_it.o
                0x0000000008001996                SVC_Handler
 .text.DebugMon_Handler
                0x00000000080019a2        0xc ./Core/Src/stm32f1xx_it.o
                0x00000000080019a2                DebugMon_Handler
 .text.PendSV_Handler
                0x00000000080019ae        0xc ./Core/Src/stm32f1xx_it.o
                0x00000000080019ae                PendSV_Handler
 .text.SysTick_Handler
                0x00000000080019ba        0xc ./Core/Src/stm32f1xx_it.o
                0x00000000080019ba                SysTick_Handler
 *fill*         0x00000000080019c6        0x2 
 .text.TIM2_IRQHandler
                0x00000000080019c8       0x14 ./Core/Src/stm32f1xx_it.o
                0x00000000080019c8                TIM2_IRQHandler
 .text.SystemInit
                0x00000000080019dc        0xc ./Core/Src/system_stm32f1xx.o
                0x00000000080019dc                SystemInit
 .text.setTimer
                0x00000000080019e8       0x40 ./Core/Src/timer.o
                0x00000000080019e8                setTimer
 .text.timerRun
                0x0000000008001a28       0x60 ./Core/Src/timer.o
                0x0000000008001a28                timerRun
 .text.Reset_Handler
                0x0000000008001a88       0x48 ./Core/Startup/startup_stm32f103c6ux.o
                0x0000000008001a88                Reset_Handler
 .text.Default_Handler
                0x0000000008001ad0        0x2 ./Core/Startup/startup_stm32f103c6ux.o
                0x0000000008001ad0                RTC_Alarm_IRQHandler
                0x0000000008001ad0                EXTI2_IRQHandler
                0x0000000008001ad0                TIM1_CC_IRQHandler
                0x0000000008001ad0                PVD_IRQHandler
                0x0000000008001ad0                EXTI3_IRQHandler
                0x0000000008001ad0                EXTI0_IRQHandler
                0x0000000008001ad0                ADC1_2_IRQHandler
                0x0000000008001ad0                SPI1_IRQHandler
                0x0000000008001ad0                TAMPER_IRQHandler
                0x0000000008001ad0                DMA1_Channel4_IRQHandler
                0x0000000008001ad0                RTC_IRQHandler
                0x0000000008001ad0                DMA1_Channel7_IRQHandler
                0x0000000008001ad0                CAN1_RX1_IRQHandler
                0x0000000008001ad0                I2C1_EV_IRQHandler
                0x0000000008001ad0                DMA1_Channel6_IRQHandler
                0x0000000008001ad0                TIM3_IRQHandler
                0x0000000008001ad0                RCC_IRQHandler
                0x0000000008001ad0                TIM1_TRG_COM_IRQHandler
                0x0000000008001ad0                DMA1_Channel1_IRQHandler
                0x0000000008001ad0                Default_Handler
                0x0000000008001ad0                EXTI15_10_IRQHandler
                0x0000000008001ad0                EXTI9_5_IRQHandler
                0x0000000008001ad0                DMA1_Channel5_IRQHandler
                0x0000000008001ad0                EXTI4_IRQHandler
                0x0000000008001ad0                USB_LP_CAN1_RX0_IRQHandler
                0x0000000008001ad0                USB_HP_CAN1_TX_IRQHandler
                0x0000000008001ad0                DMA1_Channel3_IRQHandler
                0x0000000008001ad0                TIM1_UP_IRQHandler
                0x0000000008001ad0                WWDG_IRQHandler
                0x0000000008001ad0                TIM1_BRK_IRQHandler
                0x0000000008001ad0                EXTI1_IRQHandler
                0x0000000008001ad0                USART2_IRQHandler
                0x0000000008001ad0                DMA1_Channel2_IRQHandler
                0x0000000008001ad0                CAN1_SCE_IRQHandler
                0x0000000008001ad0                FLASH_IRQHandler
                0x0000000008001ad0                USART1_IRQHandler
                0x0000000008001ad0                I2C1_ER_IRQHandler
                0x0000000008001ad0                USBWakeUp_IRQHandler
 *fill*         0x0000000008001ad2        0x2 
 .text.HAL_Init
                0x0000000008001ad4       0x2c ./Drivers/STM32F1xx_HAL_Driver/Src/stm32f1xx_hal.o
                0x0000000008001ad4                HAL_Init
 .text.HAL_InitTick
                0x0000000008001b00       0x60 ./Drivers/STM32F1xx_HAL_Driver/Src/stm32f1xx_hal.o
                0x0000000008001b00                HAL_InitTick
 .text.HAL_IncTick
                0x0000000008001b60       0x24 ./Drivers/STM32F1xx_HAL_Driver/Src/stm32f1xx_hal.o
                0x0000000008001b60                HAL_IncTick
 .text.HAL_GetTick
                0x0000000008001b84       0x14 ./Drivers/STM32F1xx_HAL_Driver/Src/stm32f1xx_hal.o
                0x0000000008001b84                HAL_GetTick
 .text.__NVIC_SetPriorityGrouping
                0x0000000008001b98       0x48 ./Drivers/STM32F1xx_HAL_Driver/Src/stm32f1xx_hal_cortex.o
 .text.__NVIC_GetPriorityGrouping
                0x0000000008001be0       0x1c ./Drivers/STM32F1xx_HAL_Driver/Src/stm32f1xx_hal_cortex.o
 .text.__NVIC_EnableIRQ
                0x0000000008001bfc       0x38 ./Drivers/STM32F1xx_HAL_Driver/Src/stm32f1xx_hal_cortex.o
 .text.__NVIC_SetPriority
                0x0000000008001c34       0x54 ./Drivers/STM32F1xx_HAL_Driver/Src/stm32f1xx_hal_cortex.o
 .text.NVIC_EncodePriority
                0x0000000008001c88       0x64 ./Drivers/STM32F1xx_HAL_Driver/Src/stm32f1xx_hal_cortex.o
 .text.SysTick_Config
                0x0000000008001cec       0x44 ./Drivers/STM32F1xx_HAL_Driver/Src/stm32f1xx_hal_cortex.o
 .text.HAL_NVIC_SetPriorityGrouping
                0x0000000008001d30       0x16 ./Drivers/STM32F1xx_HAL_Driver/Src/stm32f1xx_hal_cortex.o
                0x0000000008001d30                HAL_NVIC_SetPriorityGrouping
 .text.HAL_NVIC_SetPriority
                0x0000000008001d46       0x38 ./Drivers/STM32F1xx_HAL_Driver/Src/stm32f1xx_hal_cortex.o
                0x0000000008001d46                HAL_NVIC_SetPriority
 .text.HAL_NVIC_EnableIRQ
                0x0000000008001d7e       0x1c ./Drivers/STM32F1xx_HAL_Driver/Src/stm32f1xx_hal_cortex.o
                0x0000000008001d7e                HAL_NVIC_EnableIRQ
 .text.HAL_SYSTICK_Config
                0x0000000008001d9a       0x18 ./Drivers/STM32F1xx_HAL_Driver/Src/stm32f1xx_hal_cortex.o
                0x0000000008001d9a                HAL_SYSTICK_Config
 *fill*         0x0000000008001db2        0x2 
 .text.HAL_GPIO_Init
                0x0000000008001db4      0x2f4 ./Drivers/STM32F1xx_HAL_Driver/Src/stm32f1xx_hal_gpio.o
                0x0000000008001db4                HAL_GPIO_Init
 .text.HAL_GPIO_ReadPin
                0x00000000080020a8       0x2e ./Drivers/STM32F1xx_HAL_Driver/Src/stm32f1xx_hal_gpio.o
                0x00000000080020a8                HAL_GPIO_ReadPin
 .text.HAL_GPIO_WritePin
                0x00000000080020d6       0x30 ./Drivers/STM32F1xx_HAL_Driver/Src/stm32f1xx_hal_gpio.o
                0x00000000080020d6                HAL_GPIO_WritePin
 .text.HAL_GPIO_TogglePin
                0x0000000008002106       0x32 ./Drivers/STM32F1xx_HAL_Driver/Src/stm32f1xx_hal_gpio.o
                0x0000000008002106                HAL_GPIO_TogglePin
 .text.HAL_RCC_OscConfig
                0x0000000008002138      0x500 ./Drivers/STM32F1xx_HAL_Driver/Src/stm32f1xx_hal_rcc.o
                0x0000000008002138                HAL_RCC_OscConfig
 .text.HAL_RCC_ClockConfig
                0x0000000008002638      0x1d4 ./Drivers/STM32F1xx_HAL_Driver/Src/stm32f1xx_hal_rcc.o
                0x0000000008002638                HAL_RCC_ClockConfig
 .text.HAL_RCC_GetSysClockFreq
                0x000000000800280c       0xa8 ./Drivers/STM32F1xx_HAL_Driver/Src/stm32f1xx_hal_rcc.o
                0x000000000800280c                HAL_RCC_GetSysClockFreq
 .text.RCC_Delay
                0x00000000080028b4       0x3c ./Drivers/STM32F1xx_HAL_Driver/Src/stm32f1xx_hal_rcc.o
 .text.HAL_TIM_Base_Init
                0x00000000080028f0       0x9e ./Drivers/STM32F1xx_HAL_Driver/Src/stm32f1xx_hal_tim.o
                0x00000000080028f0                HAL_TIM_Base_Init
 *fill*         0x000000000800298e        0x2 
 .text.HAL_TIM_Base_Start_IT
                0x0000000008002990       0x98 ./Drivers/STM32F1xx_HAL_Driver/Src/stm32f1xx_hal_tim.o
                0x0000000008002990                HAL_TIM_Base_Start_IT
 .text.HAL_TIM_IRQHandler
                0x0000000008002a28      0x1e0 ./Drivers/STM32F1xx_HAL_Driver/Src/stm32f1xx_hal_tim.o
                0x0000000008002a28                HAL_TIM_IRQHandler
 .text.HAL_TIM_ConfigClockSource
                0x0000000008002c08      0x18e ./Drivers/STM32F1xx_HAL_Driver/Src/stm32f1xx_hal_tim.o
                0x0000000008002c08                HAL_TIM_ConfigClockSource
 .text.HAL_TIM_OC_DelayElapsedCallback
                0x0000000008002d96       0x12 ./Drivers/STM32F1xx_HAL_Driver/Src/stm32f1xx_hal_tim.o
                0x0000000008002d96                HAL_TIM_OC_DelayElapsedCallback
 .text.HAL_TIM_IC_CaptureCallback
                0x0000000008002da8       0x12 ./Drivers/STM32F1xx_HAL_Driver/Src/stm32f1xx_hal_tim.o
                0x0000000008002da8                HAL_TIM_IC_CaptureCallback
 .text.HAL_TIM_PWM_PulseFinishedCallback
                0x0000000008002dba       0x12 ./Drivers/STM32F1xx_HAL_Driver/Src/stm32f1xx_hal_tim.o
                0x0000000008002dba                HAL_TIM_PWM_PulseFinishedCallback
 .text.HAL_TIM_TriggerCallback
                0x0000000008002dcc       0x12 ./Drivers/STM32F1xx_HAL_Driver/Src/stm32f1xx_hal_tim.o
                0x0000000008002dcc                HAL_TIM_TriggerCallback
 *fill*         0x0000000008002dde        0x2 
 .text.TIM_Base_SetConfig
                0x0000000008002de0       0xc8 ./Drivers/STM32F1xx_HAL_Driver/Src/stm32f1xx_hal_tim.o
                0x0000000008002de0                TIM_Base_SetConfig
 .text.TIM_TI1_ConfigInputStage
                0x0000000008002ea8       0x5c ./Drivers/STM32F1xx_HAL_Driver/Src/stm32f1xx_hal_tim.o
 .text.TIM_TI2_ConfigInputStage
                0x0000000008002f04       0x5e ./Drivers/STM32F1xx_HAL_Driver/Src/stm32f1xx_hal_tim.o
 .text.TIM_ITRx_SetConfig
                0x0000000008002f62       0x34 ./Drivers/STM32F1xx_HAL_Driver/Src/stm32f1xx_hal_tim.o
 .text.TIM_ETR_SetConfig
                0x0000000008002f96       0x3e ./Drivers/STM32F1xx_HAL_Driver/Src/stm32f1xx_hal_tim.o
                0x0000000008002f96                TIM_ETR_SetConfig
 .text.HAL_TIMEx_MasterConfigSynchronization
                0x0000000008002fd4       0xb0 ./Drivers/STM32F1xx_HAL_Driver/Src/stm32f1xx_hal_tim_ex.o
                0x0000000008002fd4                HAL_TIMEx_MasterConfigSynchronization
 .text.HAL_TIMEx_CommutCallback
                0x0000000008003084       0x12 ./Drivers/STM32F1xx_HAL_Driver/Src/stm32f1xx_hal_tim_ex.o
                0x0000000008003084                HAL_TIMEx_CommutCallback
 .text.HAL_TIMEx_BreakCallback
                0x0000000008003096       0x12 ./Drivers/STM32F1xx_HAL_Driver/Src/stm32f1xx_hal_tim_ex.o
                0x0000000008003096                HAL_TIMEx_BreakCallback
 .text.__libc_init_array
                0x00000000080030a8       0x48 c:/st/stm32cubeide_1.7.0/stm32cubeide/plugins/com.st.stm32cube.ide.mcu.externaltools.gnu-tools-for-stm32.9-2020-q2-update.win32_2.0.0.202105311346/tools/bin/../lib/gcc/arm-none-eabi/9.3.1/../../../../arm-none-eabi/lib/thumb/v7-m/nofp\libc_nano.a(lib_a-init.o)
                0x00000000080030a8                __libc_init_array
 .text.memset   0x00000000080030f0       0x10 c:/st/stm32cubeide_1.7.0/stm32cubeide/plugins/com.st.stm32cube.ide.mcu.externaltools.gnu-tools-for-stm32.9-2020-q2-update.win32_2.0.0.202105311346/tools/bin/../lib/gcc/arm-none-eabi/9.3.1/../../../../arm-none-eabi/lib/thumb/v7-m/nofp\libc_nano.a(lib_a-memset.o)
                0x00000000080030f0                memset
 .text.ceil     0x0000000008003100      0x100 c:/st/stm32cubeide_1.7.0/stm32cubeide/plugins/com.st.stm32cube.ide.mcu.externaltools.gnu-tools-for-stm32.9-2020-q2-update.win32_2.0.0.202105311346/tools/bin/../lib/gcc/arm-none-eabi/9.3.1/../../../../arm-none-eabi/lib/thumb/v7-m/nofp\libm.a(lib_a-s_ceil.o)
                0x0000000008003100                ceil
 *(.glue_7)
 .glue_7        0x0000000008003200        0x0 linker stubs
 *(.glue_7t)
 .glue_7t       0x0000000008003200        0x0 linker stubs
 *(.eh_frame)
 .eh_frame      0x0000000008003200        0x0 c:/st/stm32cubeide_1.7.0/stm32cubeide/plugins/com.st.stm32cube.ide.mcu.externaltools.gnu-tools-for-stm32.9-2020-q2-update.win32_2.0.0.202105311346/tools/bin/../lib/gcc/arm-none-eabi/9.3.1/thumb/v7-m/nofp/crtbegin.o
 *(.init)
 .init          0x0000000008003200        0x4 c:/st/stm32cubeide_1.7.0/stm32cubeide/plugins/com.st.stm32cube.ide.mcu.externaltools.gnu-tools-for-stm32.9-2020-q2-update.win32_2.0.0.202105311346/tools/bin/../lib/gcc/arm-none-eabi/9.3.1/thumb/v7-m/nofp/crti.o
                0x0000000008003200                _init
 .init          0x0000000008003204        0x8 c:/st/stm32cubeide_1.7.0/stm32cubeide/plugins/com.st.stm32cube.ide.mcu.externaltools.gnu-tools-for-stm32.9-2020-q2-update.win32_2.0.0.202105311346/tools/bin/../lib/gcc/arm-none-eabi/9.3.1/thumb/v7-m/nofp/crtn.o
 *(.fini)
 .fini          0x000000000800320c        0x4 c:/st/stm32cubeide_1.7.0/stm32cubeide/plugins/com.st.stm32cube.ide.mcu.externaltools.gnu-tools-for-stm32.9-2020-q2-update.win32_2.0.0.202105311346/tools/bin/../lib/gcc/arm-none-eabi/9.3.1/thumb/v7-m/nofp/crti.o
                0x000000000800320c                _fini
 .fini          0x0000000008003210        0x8 c:/st/stm32cubeide_1.7.0/stm32cubeide/plugins/com.st.stm32cube.ide.mcu.externaltools.gnu-tools-for-stm32.9-2020-q2-update.win32_2.0.0.202105311346/tools/bin/../lib/gcc/arm-none-eabi/9.3.1/thumb/v7-m/nofp/crtn.o
                0x0000000008003218                . = ALIGN (0x4)
                0x0000000008003218                _etext = .

.vfp11_veneer   0x0000000008003218        0x0
 .vfp11_veneer  0x0000000008003218        0x0 linker stubs

.v4_bx          0x0000000008003218        0x0
 .v4_bx         0x0000000008003218        0x0 linker stubs

.iplt           0x0000000008003218        0x0
 .iplt          0x0000000008003218        0x0 c:/st/stm32cubeide_1.7.0/stm32cubeide/plugins/com.st.stm32cube.ide.mcu.externaltools.gnu-tools-for-stm32.9-2020-q2-update.win32_2.0.0.202105311346/tools/bin/../lib/gcc/arm-none-eabi/9.3.1/thumb/v7-m/nofp/crtbegin.o

.rodata         0x0000000008003218       0x6c
                0x0000000008003218                . = ALIGN (0x4)
 *(.rodata)
 *(.rodata*)
 .rodata.seg_pattern
                0x0000000008003218       0x46 ./Core/Src/7_SEGMENT.o
                0x0000000008003218                seg_pattern
 *fill*         0x000000000800325e        0x2 
 .rodata.AHBPrescTable
                0x0000000008003260       0x10 ./Core/Src/system_stm32f1xx.o
                0x0000000008003260                AHBPrescTable
 .rodata.aPLLMULFactorTable.6032
                0x0000000008003270       0x10 ./Drivers/STM32F1xx_HAL_Driver/Src/stm32f1xx_hal_rcc.o
 .rodata.aPredivFactorTable.6033
                0x0000000008003280        0x2 ./Drivers/STM32F1xx_HAL_Driver/Src/stm32f1xx_hal_rcc.o
                0x0000000008003284                . = ALIGN (0x4)
 *fill*         0x0000000008003282        0x2 

.rel.dyn        0x0000000008003284        0x0
 .rel.iplt      0x0000000008003284        0x0 c:/st/stm32cubeide_1.7.0/stm32cubeide/plugins/com.st.stm32cube.ide.mcu.externaltools.gnu-tools-for-stm32.9-2020-q2-update.win32_2.0.0.202105311346/tools/bin/../lib/gcc/arm-none-eabi/9.3.1/thumb/v7-m/nofp/crtbegin.o

.ARM.extab      0x0000000008003284        0x0
                0x0000000008003284                . = ALIGN (0x4)
 *(.ARM.extab* .gnu.linkonce.armextab.*)
                0x0000000008003284                . = ALIGN (0x4)

.ARM            0x0000000008003284        0x0
                0x0000000008003284                . = ALIGN (0x4)
                0x0000000008003284                __exidx_start = .
 *(.ARM.exidx*)
                0x0000000008003284                __exidx_end = .
                0x0000000008003284                . = ALIGN (0x4)

.preinit_array  0x0000000008003284        0x0
                0x0000000008003284                . = ALIGN (0x4)
                0x0000000008003284                PROVIDE (__preinit_array_start = .)
 *(.preinit_array*)
                0x0000000008003284                PROVIDE (__preinit_array_end = .)
                0x0000000008003284                . = ALIGN (0x4)

.init_array     0x0000000008003284        0x4
                0x0000000008003284                . = ALIGN (0x4)
                0x0000000008003284                PROVIDE (__init_array_start = .)
 *(SORT_BY_NAME(.init_array.*))
 *(.init_array*)
 .init_array    0x0000000008003284        0x4 c:/st/stm32cubeide_1.7.0/stm32cubeide/plugins/com.st.stm32cube.ide.mcu.externaltools.gnu-tools-for-stm32.9-2020-q2-update.win32_2.0.0.202105311346/tools/bin/../lib/gcc/arm-none-eabi/9.3.1/thumb/v7-m/nofp/crtbegin.o
                0x0000000008003288                PROVIDE (__init_array_end = .)
                0x0000000008003288                . = ALIGN (0x4)

.fini_array     0x0000000008003288        0x4
                0x0000000008003288                . = ALIGN (0x4)
                [!provide]                        PROVIDE (__fini_array_start = .)
 *(SORT_BY_NAME(.fini_array.*))
 *(.fini_array*)
 .fini_array    0x0000000008003288        0x4 c:/st/stm32cubeide_1.7.0/stm32cubeide/plugins/com.st.stm32cube.ide.mcu.externaltools.gnu-tools-for-stm32.9-2020-q2-update.win32_2.0.0.202105311346/tools/bin/../lib/gcc/arm-none-eabi/9.3.1/thumb/v7-m/nofp/crtbegin.o
                [!provide]                        PROVIDE (__fini_array_end = .)
                0x000000000800328c                . = ALIGN (0x4)
                0x000000000800328c                _sidata = LOADADDR (.data)

.data           0x0000000020000000       0x74 load address 0x000000000800328c
                0x0000000020000000                . = ALIGN (0x4)
                0x0000000020000000                _sdata = .
 *(.data)
 *(.data*)
 .data.segPins_A
                0x0000000020000000        0xe ./Core/Src/7_SEGMENT.o
                0x0000000020000000                segPins_A
 *fill*         0x000000002000000e        0x2 
 .data.segPins_B
                0x0000000020000010        0xe ./Core/Src/7_SEGMENT.o
                0x0000000020000010                segPins_B
 *fill*         0x000000002000001e        0x2 
 .data.KeyReg0  0x0000000020000020        0xc ./Core/Src/button.o
                0x0000000020000020                KeyReg0
 .data.KeyReg1  0x000000002000002c        0xc ./Core/Src/button.o
                0x000000002000002c                KeyReg1
 .data.KeyReg2  0x0000000020000038        0xc ./Core/Src/button.o
                0x0000000020000038                KeyReg2
 .data.KeyReg3  0x0000000020000044        0xc ./Core/Src/button.o
                0x0000000020000044                KeyReg3
 .data.BUTTON_PORT
                0x0000000020000050        0x4 ./Core/Src/button.o
                0x0000000020000050                BUTTON_PORT
 .data.BUTTON_PIN
                0x0000000020000054        0x6 ./Core/Src/button.o
                0x0000000020000054                BUTTON_PIN
 *fill*         0x000000002000005a        0x2 
 .data.TrafficTimer
                0x000000002000005c        0xc ./Core/Src/global.o
                0x000000002000005c                TrafficTimer
 .data.SystemCoreClock
                0x0000000020000068        0x4 ./Core/Src/system_stm32f1xx.o
                0x0000000020000068                SystemCoreClock
 .data.uwTickPrio
                0x000000002000006c        0x4 ./Drivers/STM32F1xx_HAL_Driver/Src/stm32f1xx_hal.o
                0x000000002000006c                uwTickPrio
 .data.uwTickFreq
                0x0000000020000070        0x1 ./Drivers/STM32F1xx_HAL_Driver/Src/stm32f1xx_hal.o
                0x0000000020000070                uwTickFreq
 *(.RamFunc)
 *(.RamFunc*)
                0x0000000020000074                . = ALIGN (0x4)
 *fill*         0x0000000020000071        0x3 
                0x0000000020000074                _edata = .

.igot.plt       0x0000000020000074        0x0 load address 0x0000000008003300
 .igot.plt      0x0000000020000074        0x0 c:/st/stm32cubeide_1.7.0/stm32cubeide/plugins/com.st.stm32cube.ide.mcu.externaltools.gnu-tools-for-stm32.9-2020-q2-update.win32_2.0.0.202105311346/tools/bin/../lib/gcc/arm-none-eabi/9.3.1/thumb/v7-m/nofp/crtbegin.o
                0x0000000020000074                . = ALIGN (0x4)

.bss            0x0000000020000074      0x1c0 load address 0x0000000008003300
                0x0000000020000074                _sbss = .
                0x0000000020000074                __bss_start__ = _sbss
 *(.bss)
 .bss           0x0000000020000074       0x1c c:/st/stm32cubeide_1.7.0/stm32cubeide/plugins/com.st.stm32cube.ide.mcu.externaltools.gnu-tools-for-stm32.9-2020-q2-update.win32_2.0.0.202105311346/tools/bin/../lib/gcc/arm-none-eabi/9.3.1/thumb/v7-m/nofp/crtbegin.o
 *(.bss*)
 .bss.seg_duration
                0x0000000020000090        0x4 ./Core/Src/7_SEGMENT.o
 .bss.seg_mode  0x0000000020000094        0x4 ./Core/Src/7_SEGMENT.o
 .bss.state.6743
                0x0000000020000098        0x4 ./Core/Src/7_SEGMENT.o
 .bss.TimeOutForKeyPress
                0x000000002000009c        0xc ./Core/Src/button.o
                0x000000002000009c                TimeOutForKeyPress
 .bss.button_flag
                0x00000000200000a8        0xc ./Core/Src/button.o
                0x00000000200000a8                button_flag
 .bss.status_auto
                0x00000000200000b4        0x4 ./Core/Src/fsm_auto.o
                0x00000000200000b4                status_auto
 .bss.timeLeft_Lane1
                0x00000000200000b8        0x4 ./Core/Src/fsm_auto.o
                0x00000000200000b8                timeLeft_Lane1
 .bss.timeLeft_Lane2
                0x00000000200000bc        0x4 ./Core/Src/fsm_auto.o
                0x00000000200000bc                timeLeft_Lane2
 .bss.temp_time
                0x00000000200000c0        0x4 ./Core/Src/fsm_manual.o
                0x00000000200000c0                temp_time
 .bss.STATUS    0x00000000200000c4        0x4 ./Core/Src/global.o
                0x00000000200000c4                STATUS
 .bss.ReadyQueueSize
                0x00000000200000c8        0x1 ./Core/Src/scheduler.o
                0x00000000200000c8                ReadyQueueSize
 *(COMMON)
 *fill*         0x00000000200000c9        0x3 
 COMMON         0x00000000200000cc       0x48 ./Core/Src/main.o
                0x00000000200000cc                htim2
 COMMON         0x0000000020000114      0x104 ./Core/Src/scheduler.o
                0x0000000020000114                SCH_tasks_G
                0x0000000020000204                ReadyQueue
 COMMON         0x0000000020000218       0x18 ./Core/Src/timer.o
                0x0000000020000218                timer_counter
                0x0000000020000224                timer_flag
 COMMON         0x0000000020000230        0x4 ./Drivers/STM32F1xx_HAL_Driver/Src/stm32f1xx_hal.o
                0x0000000020000230                uwTick
                0x0000000020000234                . = ALIGN (0x4)
                0x0000000020000234                _ebss = .
                0x0000000020000234                __bss_end__ = _ebss

._user_heap_stack
                0x0000000020000234      0x604 load address 0x0000000008003300
                0x0000000020000238                . = ALIGN (0x8)
 *fill*         0x0000000020000234        0x4 
                [!provide]                        PROVIDE (end = .)
                0x0000000020000238                PROVIDE (_end = .)
                0x0000000020000438                . = (. + _Min_Heap_Size)
 *fill*         0x0000000020000238      0x200 
                0x0000000020000838                . = (. + _Min_Stack_Size)
 *fill*         0x0000000020000438      0x400 
                0x0000000020000838                . = ALIGN (0x8)

/DISCARD/
 libc.a(*)
 libm.a(*)
 libgcc.a(*)

.ARM.attributes
                0x0000000000000000       0x29
 *(.ARM.attributes)
 .ARM.attributes
                0x0000000000000000       0x1d c:/st/stm32cubeide_1.7.0/stm32cubeide/plugins/com.st.stm32cube.ide.mcu.externaltools.gnu-tools-for-stm32.9-2020-q2-update.win32_2.0.0.202105311346/tools/bin/../lib/gcc/arm-none-eabi/9.3.1/thumb/v7-m/nofp/crti.o
 .ARM.attributes
                0x000000000000001d       0x2d c:/st/stm32cubeide_1.7.0/stm32cubeide/plugins/com.st.stm32cube.ide.mcu.externaltools.gnu-tools-for-stm32.9-2020-q2-update.win32_2.0.0.202105311346/tools/bin/../lib/gcc/arm-none-eabi/9.3.1/thumb/v7-m/nofp/crtbegin.o
 .ARM.attributes
                0x000000000000004a       0x2d ./Core/Src/7_SEGMENT.o
 .ARM.attributes
                0x0000000000000077       0x2d ./Core/Src/button.o
 .ARM.attributes
                0x00000000000000a4       0x2d ./Core/Src/fsm_auto.o
 .ARM.attributes
                0x00000000000000d1       0x2d ./Core/Src/fsm_manual.o
 .ARM.attributes
                0x00000000000000fe       0x2d ./Core/Src/global.o
 .ARM.attributes
                0x000000000000012b       0x2d ./Core/Src/led.o
 .ARM.attributes
                0x0000000000000158       0x2d ./Core/Src/main.o
 .ARM.attributes
                0x0000000000000185       0x2d ./Core/Src/scheduler.o
 .ARM.attributes
                0x00000000000001b2       0x2d ./Core/Src/stm32f1xx_hal_msp.o
 .ARM.attributes
                0x00000000000001df       0x2d ./Core/Src/stm32f1xx_it.o
 .ARM.attributes
                0x000000000000020c       0x2d ./Core/Src/system_stm32f1xx.o
 .ARM.attributes
                0x0000000000000239       0x2d ./Core/Src/timer.o
 .ARM.attributes
                0x0000000000000266       0x21 ./Core/Startup/startup_stm32f103c6ux.o
 .ARM.attributes
                0x0000000000000287       0x2d ./Drivers/STM32F1xx_HAL_Driver/Src/stm32f1xx_hal.o
 .ARM.attributes
                0x00000000000002b4       0x2d ./Drivers/STM32F1xx_HAL_Driver/Src/stm32f1xx_hal_cortex.o
 .ARM.attributes
                0x00000000000002e1       0x2d ./Drivers/STM32F1xx_HAL_Driver/Src/stm32f1xx_hal_gpio.o
 .ARM.attributes
                0x000000000000030e       0x2d ./Drivers/STM32F1xx_HAL_Driver/Src/stm32f1xx_hal_rcc.o
 .ARM.attributes
                0x000000000000033b       0x2d ./Drivers/STM32F1xx_HAL_Driver/Src/stm32f1xx_hal_tim.o
 .ARM.attributes
                0x0000000000000368       0x2d ./Drivers/STM32F1xx_HAL_Driver/Src/stm32f1xx_hal_tim_ex.o
 .ARM.attributes
                0x0000000000000395       0x2d c:/st/stm32cubeide_1.7.0/stm32cubeide/plugins/com.st.stm32cube.ide.mcu.externaltools.gnu-tools-for-stm32.9-2020-q2-update.win32_2.0.0.202105311346/tools/bin/../lib/gcc/arm-none-eabi/9.3.1/../../../../arm-none-eabi/lib/thumb/v7-m/nofp\libc_nano.a(lib_a-init.o)
 .ARM.attributes
                0x00000000000003c2       0x2d c:/st/stm32cubeide_1.7.0/stm32cubeide/plugins/com.st.stm32cube.ide.mcu.externaltools.gnu-tools-for-stm32.9-2020-q2-update.win32_2.0.0.202105311346/tools/bin/../lib/gcc/arm-none-eabi/9.3.1/../../../../arm-none-eabi/lib/thumb/v7-m/nofp\libc_nano.a(lib_a-memset.o)
 .ARM.attributes
                0x00000000000003ef       0x2d c:/st/stm32cubeide_1.7.0/stm32cubeide/plugins/com.st.stm32cube.ide.mcu.externaltools.gnu-tools-for-stm32.9-2020-q2-update.win32_2.0.0.202105311346/tools/bin/../lib/gcc/arm-none-eabi/9.3.1/../../../../arm-none-eabi/lib/thumb/v7-m/nofp\libm.a(lib_a-s_ceil.o)
 .ARM.attributes
                0x000000000000041c       0x1d c:/st/stm32cubeide_1.7.0/stm32cubeide/plugins/com.st.stm32cube.ide.mcu.externaltools.gnu-tools-for-stm32.9-2020-q2-update.win32_2.0.0.202105311346/tools/bin/../lib/gcc/arm-none-eabi/9.3.1/thumb/v7-m/nofp\libgcc.a(_arm_muldf3.o)
 .ARM.attributes
                0x0000000000000439       0x1d c:/st/stm32cubeide_1.7.0/stm32cubeide/plugins/com.st.stm32cube.ide.mcu.externaltools.gnu-tools-for-stm32.9-2020-q2-update.win32_2.0.0.202105311346/tools/bin/../lib/gcc/arm-none-eabi/9.3.1/thumb/v7-m/nofp\libgcc.a(_arm_addsubdf3.o)
 .ARM.attributes
                0x0000000000000456       0x1d c:/st/stm32cubeide_1.7.0/stm32cubeide/plugins/com.st.stm32cube.ide.mcu.externaltools.gnu-tools-for-stm32.9-2020-q2-update.win32_2.0.0.202105311346/tools/bin/../lib/gcc/arm-none-eabi/9.3.1/thumb/v7-m/nofp\libgcc.a(_arm_cmpdf2.o)
 .ARM.attributes
                0x0000000000000473       0x1d c:/st/stm32cubeide_1.7.0/stm32cubeide/plugins/com.st.stm32cube.ide.mcu.externaltools.gnu-tools-for-stm32.9-2020-q2-update.win32_2.0.0.202105311346/tools/bin/../lib/gcc/arm-none-eabi/9.3.1/thumb/v7-m/nofp\libgcc.a(_arm_fixdfsi.o)
 .ARM.attributes
                0x0000000000000490       0x1d c:/st/stm32cubeide_1.7.0/stm32cubeide/plugins/com.st.stm32cube.ide.mcu.externaltools.gnu-tools-for-stm32.9-2020-q2-update.win32_2.0.0.202105311346/tools/bin/../lib/gcc/arm-none-eabi/9.3.1/thumb/v7-m/nofp/crtn.o
OUTPUT(STM32Project.elf elf32-littlearm)
LOAD linker stubs
LOAD c:/st/stm32cubeide_1.7.0/stm32cubeide/plugins/com.st.stm32cube.ide.mcu.externaltools.gnu-tools-for-stm32.9-2020-q2-update.win32_2.0.0.202105311346/tools/bin/../lib/gcc/arm-none-eabi/9.3.1/../../../../arm-none-eabi/lib/thumb/v7-m/nofp\libc.a
LOAD c:/st/stm32cubeide_1.7.0/stm32cubeide/plugins/com.st.stm32cube.ide.mcu.externaltools.gnu-tools-for-stm32.9-2020-q2-update.win32_2.0.0.202105311346/tools/bin/../lib/gcc/arm-none-eabi/9.3.1/../../../../arm-none-eabi/lib/thumb/v7-m/nofp\libm.a
LOAD c:/st/stm32cubeide_1.7.0/stm32cubeide/plugins/com.st.stm32cube.ide.mcu.externaltools.gnu-tools-for-stm32.9-2020-q2-update.win32_2.0.0.202105311346/tools/bin/../lib/gcc/arm-none-eabi/9.3.1/thumb/v7-m/nofp\libgcc.a

.debug_info     0x0000000000000000     0xdddd
 .debug_info    0x0000000000000000      0xd44 ./Core/Src/7_SEGMENT.o
 .debug_info    0x0000000000000d44      0x379 ./Core/Src/button.o
 .debug_info    0x00000000000010bd      0xb98 ./Core/Src/fsm_auto.o
 .debug_info    0x0000000000001c55      0xb86 ./Core/Src/fsm_manual.o
 .debug_info    0x00000000000027db      0xb6c ./Core/Src/global.o
 .debug_info    0x0000000000003347      0xc87 ./Core/Src/led.o
 .debug_info    0x0000000000003fce     0x1538 ./Core/Src/main.o
 .debug_info    0x0000000000005506      0x42d ./Core/Src/scheduler.o
 .debug_info    0x0000000000005933      0xa09 ./Core/Src/stm32f1xx_hal_msp.o
 .debug_info    0x000000000000633c      0x7b9 ./Core/Src/stm32f1xx_it.o
 .debug_info    0x0000000000006af5      0x2be ./Core/Src/system_stm32f1xx.o
 .debug_info    0x0000000000006db3      0xbb9 ./Core/Src/timer.o
 .debug_info    0x000000000000796c       0x22 ./Core/Startup/startup_stm32f103c6ux.o
 .debug_info    0x000000000000798e      0x74c ./Drivers/STM32F1xx_HAL_Driver/Src/stm32f1xx_hal.o
 .debug_info    0x00000000000080da      0xbbe ./Drivers/STM32F1xx_HAL_Driver/Src/stm32f1xx_hal_cortex.o
 .debug_info    0x0000000000008c98      0x701 ./Drivers/STM32F1xx_HAL_Driver/Src/stm32f1xx_hal_gpio.o
 .debug_info    0x0000000000009399      0x893 ./Drivers/STM32F1xx_HAL_Driver/Src/stm32f1xx_hal_rcc.o
 .debug_info    0x0000000000009c2c     0x2c32 ./Drivers/STM32F1xx_HAL_Driver/Src/stm32f1xx_hal_tim.o
 .debug_info    0x000000000000c85e     0x157f ./Drivers/STM32F1xx_HAL_Driver/Src/stm32f1xx_hal_tim_ex.o

.debug_abbrev   0x0000000000000000     0x24e5
 .debug_abbrev  0x0000000000000000      0x267 ./Core/Src/7_SEGMENT.o
 .debug_abbrev  0x0000000000000267      0x175 ./Core/Src/button.o
 .debug_abbrev  0x00000000000003dc      0x1eb ./Core/Src/fsm_auto.o
 .debug_abbrev  0x00000000000005c7      0x1eb ./Core/Src/fsm_manual.o
 .debug_abbrev  0x00000000000007b2      0x1e7 ./Core/Src/global.o
 .debug_abbrev  0x0000000000000999      0x1e7 ./Core/Src/led.o
 .debug_abbrev  0x0000000000000b80      0x2bb ./Core/Src/main.o
 .debug_abbrev  0x0000000000000e3b      0x1d0 ./Core/Src/scheduler.o
 .debug_abbrev  0x000000000000100b      0x1b7 ./Core/Src/stm32f1xx_hal_msp.o
 .debug_abbrev  0x00000000000011c2      0x176 ./Core/Src/stm32f1xx_it.o
 .debug_abbrev  0x0000000000001338      0x14e ./Core/Src/system_stm32f1xx.o
 .debug_abbrev  0x0000000000001486      0x22e ./Core/Src/timer.o
 .debug_abbrev  0x00000000000016b4       0x12 ./Core/Startup/startup_stm32f103c6ux.o
 .debug_abbrev  0x00000000000016c6      0x1ed ./Drivers/STM32F1xx_HAL_Driver/Src/stm32f1xx_hal.o
 .debug_abbrev  0x00000000000018b3      0x313 ./Drivers/STM32F1xx_HAL_Driver/Src/stm32f1xx_hal_cortex.o
 .debug_abbrev  0x0000000000001bc6      0x1e8 ./Drivers/STM32F1xx_HAL_Driver/Src/stm32f1xx_hal_gpio.o
 .debug_abbrev  0x0000000000001dae      0x273 ./Drivers/STM32F1xx_HAL_Driver/Src/stm32f1xx_hal_rcc.o
 .debug_abbrev  0x0000000000002021      0x25e ./Drivers/STM32F1xx_HAL_Driver/Src/stm32f1xx_hal_tim.o
 .debug_abbrev  0x000000000000227f      0x266 ./Drivers/STM32F1xx_HAL_Driver/Src/stm32f1xx_hal_tim_ex.o

.debug_aranges  0x0000000000000000      0xb00
 .debug_aranges
                0x0000000000000000       0x30 ./Core/Src/7_SEGMENT.o
 .debug_aranges
                0x0000000000000030       0x40 ./Core/Src/button.o
 .debug_aranges
                0x0000000000000070       0x28 ./Core/Src/fsm_auto.o
 .debug_aranges
                0x0000000000000098       0x30 ./Core/Src/fsm_manual.o
 .debug_aranges
                0x00000000000000c8       0x20 ./Core/Src/global.o
 .debug_aranges
                0x00000000000000e8       0x68 ./Core/Src/led.o
 .debug_aranges
                0x0000000000000150       0x48 ./Core/Src/main.o
 .debug_aranges
                0x0000000000000198       0x58 ./Core/Src/scheduler.o
 .debug_aranges
                0x00000000000001f0       0x30 ./Core/Src/stm32f1xx_hal_msp.o
 .debug_aranges
                0x0000000000000220       0x68 ./Core/Src/stm32f1xx_it.o
 .debug_aranges
                0x0000000000000288       0x28 ./Core/Src/system_stm32f1xx.o
 .debug_aranges
                0x00000000000002b0       0x28 ./Core/Src/timer.o
 .debug_aranges
                0x00000000000002d8       0x28 ./Core/Startup/startup_stm32f103c6ux.o
 .debug_aranges
                0x0000000000000300       0xe0 ./Drivers/STM32F1xx_HAL_Driver/Src/stm32f1xx_hal.o
 .debug_aranges
                0x00000000000003e0      0x100 ./Drivers/STM32F1xx_HAL_Driver/Src/stm32f1xx_hal_cortex.o
 .debug_aranges
                0x00000000000004e0       0x58 ./Drivers/STM32F1xx_HAL_Driver/Src/stm32f1xx_hal_gpio.o
 .debug_aranges
                0x0000000000000538       0x90 ./Drivers/STM32F1xx_HAL_Driver/Src/stm32f1xx_hal_rcc.o
 .debug_aranges
                0x00000000000005c8      0x3d0 ./Drivers/STM32F1xx_HAL_Driver/Src/stm32f1xx_hal_tim.o
 .debug_aranges
                0x0000000000000998      0x168 ./Drivers/STM32F1xx_HAL_Driver/Src/stm32f1xx_hal_tim_ex.o

.debug_ranges   0x0000000000000000      0x9d8
 .debug_ranges  0x0000000000000000       0x20 ./Core/Src/7_SEGMENT.o
 .debug_ranges  0x0000000000000020       0x30 ./Core/Src/button.o
 .debug_ranges  0x0000000000000050       0x18 ./Core/Src/fsm_auto.o
 .debug_ranges  0x0000000000000068       0x20 ./Core/Src/fsm_manual.o
 .debug_ranges  0x0000000000000088       0x10 ./Core/Src/global.o
 .debug_ranges  0x0000000000000098       0x58 ./Core/Src/led.o
 .debug_ranges  0x00000000000000f0       0x38 ./Core/Src/main.o
 .debug_ranges  0x0000000000000128       0x48 ./Core/Src/scheduler.o
 .debug_ranges  0x0000000000000170       0x20 ./Core/Src/stm32f1xx_hal_msp.o
 .debug_ranges  0x0000000000000190       0x58 ./Core/Src/stm32f1xx_it.o
 .debug_ranges  0x00000000000001e8       0x18 ./Core/Src/system_stm32f1xx.o
 .debug_ranges  0x0000000000000200       0x18 ./Core/Src/timer.o
 .debug_ranges  0x0000000000000218       0x20 ./Core/Startup/startup_stm32f103c6ux.o
 .debug_ranges  0x0000000000000238       0xd0 ./Drivers/STM32F1xx_HAL_Driver/Src/stm32f1xx_hal.o
 .debug_ranges  0x0000000000000308       0xf0 ./Drivers/STM32F1xx_HAL_Driver/Src/stm32f1xx_hal_cortex.o
 .debug_ranges  0x00000000000003f8       0x48 ./Drivers/STM32F1xx_HAL_Driver/Src/stm32f1xx_hal_gpio.o
 .debug_ranges  0x0000000000000440       0x80 ./Drivers/STM32F1xx_HAL_Driver/Src/stm32f1xx_hal_rcc.o
 .debug_ranges  0x00000000000004c0      0x3c0 ./Drivers/STM32F1xx_HAL_Driver/Src/stm32f1xx_hal_tim.o
 .debug_ranges  0x0000000000000880      0x158 ./Drivers/STM32F1xx_HAL_Driver/Src/stm32f1xx_hal_tim_ex.o

.debug_macro    0x0000000000000000    0x18131
 .debug_macro   0x0000000000000000      0x2b1 ./Core/Src/7_SEGMENT.o
 .debug_macro   0x00000000000002b1      0xa9c ./Core/Src/7_SEGMENT.o
 .debug_macro   0x0000000000000d4d      0x215 ./Core/Src/7_SEGMENT.o
 .debug_macro   0x0000000000000f62       0x2e ./Core/Src/7_SEGMENT.o
 .debug_macro   0x0000000000000f90       0x22 ./Core/Src/7_SEGMENT.o
 .debug_macro   0x0000000000000fb2       0x22 ./Core/Src/7_SEGMENT.o
 .debug_macro   0x0000000000000fd4       0x8e ./Core/Src/7_SEGMENT.o
 .debug_macro   0x0000000000001062       0x51 ./Core/Src/7_SEGMENT.o
 .debug_macro   0x00000000000010b3      0x103 ./Core/Src/7_SEGMENT.o
 .debug_macro   0x00000000000011b6       0x6a ./Core/Src/7_SEGMENT.o
 .debug_macro   0x0000000000001220      0x1df ./Core/Src/7_SEGMENT.o
 .debug_macro   0x00000000000013ff       0x1c ./Core/Src/7_SEGMENT.o
 .debug_macro   0x000000000000141b       0x22 ./Core/Src/7_SEGMENT.o
 .debug_macro   0x000000000000143d       0xc3 ./Core/Src/7_SEGMENT.o
 .debug_macro   0x0000000000001500      0xd23 ./Core/Src/7_SEGMENT.o
 .debug_macro   0x0000000000002223     0xde75 ./Core/Src/7_SEGMENT.o
 .debug_macro   0x0000000000010098       0x6d ./Core/Src/7_SEGMENT.o
 .debug_macro   0x0000000000010105     0x34a2 ./Core/Src/7_SEGMENT.o
 .debug_macro   0x00000000000135a7      0x174 ./Core/Src/7_SEGMENT.o
 .debug_macro   0x000000000001371b       0x5c ./Core/Src/7_SEGMENT.o
 .debug_macro   0x0000000000013777      0x5bc ./Core/Src/7_SEGMENT.o
 .debug_macro   0x0000000000013d33      0x1b7 ./Core/Src/7_SEGMENT.o
 .debug_macro   0x0000000000013eea      0x1cb ./Core/Src/7_SEGMENT.o
 .debug_macro   0x00000000000140b5      0x114 ./Core/Src/7_SEGMENT.o
 .debug_macro   0x00000000000141c9      0x1b2 ./Core/Src/7_SEGMENT.o
 .debug_macro   0x000000000001437b       0x27 ./Core/Src/7_SEGMENT.o
 .debug_macro   0x00000000000143a2      0x12f ./Core/Src/7_SEGMENT.o
 .debug_macro   0x00000000000144d1      0x1bc ./Core/Src/7_SEGMENT.o
 .debug_macro   0x000000000001468d       0x34 ./Core/Src/7_SEGMENT.o
 .debug_macro   0x00000000000146c1       0x3c ./Core/Src/7_SEGMENT.o
 .debug_macro   0x00000000000146fd       0x57 ./Core/Src/7_SEGMENT.o
 .debug_macro   0x0000000000014754       0x87 ./Core/Src/7_SEGMENT.o
 .debug_macro   0x00000000000147db      0x183 ./Core/Src/7_SEGMENT.o
 .debug_macro   0x000000000001495e      0x140 ./Core/Src/7_SEGMENT.o
 .debug_macro   0x0000000000014a9e      0x8ed ./Core/Src/7_SEGMENT.o
 .debug_macro   0x000000000001538b       0x69 ./Core/Src/7_SEGMENT.o
 .debug_macro   0x00000000000153f4      0x13c ./Core/Src/7_SEGMENT.o
 .debug_macro   0x0000000000015530       0x22 ./Core/Src/7_SEGMENT.o
 .debug_macro   0x0000000000015552       0x28 ./Core/Src/7_SEGMENT.o
 .debug_macro   0x000000000001557a       0x1c ./Core/Src/7_SEGMENT.o
 .debug_macro   0x0000000000015596       0x52 ./Core/Src/7_SEGMENT.o
 .debug_macro   0x00000000000155e8       0x18 ./Core/Src/7_SEGMENT.o
 .debug_macro   0x0000000000015600       0x3c ./Core/Src/7_SEGMENT.o
 .debug_macro   0x000000000001563c       0x34 ./Core/Src/7_SEGMENT.o
 .debug_macro   0x0000000000015670       0x16 ./Core/Src/7_SEGMENT.o
 .debug_macro   0x0000000000015686       0x43 ./Core/Src/7_SEGMENT.o
 .debug_macro   0x00000000000156c9       0x34 ./Core/Src/7_SEGMENT.o
 .debug_macro   0x00000000000156fd       0x10 ./Core/Src/7_SEGMENT.o
 .debug_macro   0x000000000001570d       0x58 ./Core/Src/7_SEGMENT.o
 .debug_macro   0x0000000000015765       0x71 ./Core/Src/7_SEGMENT.o
 .debug_macro   0x00000000000157d6       0x1c ./Core/Src/7_SEGMENT.o
 .debug_macro   0x00000000000157f2      0x12a ./Core/Src/7_SEGMENT.o
 .debug_macro   0x000000000001591c      0x333 ./Core/Src/7_SEGMENT.o
 .debug_macro   0x0000000000015c4f      0x1a9 ./Core/Src/7_SEGMENT.o
 .debug_macro   0x0000000000015df8       0x34 ./Core/Src/7_SEGMENT.o
 .debug_macro   0x0000000000015e2c      0x1c1 ./Core/Src/button.o
 .debug_macro   0x0000000000015fed       0x22 ./Core/Src/button.o
 .debug_macro   0x000000000001600f      0x2c9 ./Core/Src/fsm_auto.o
 .debug_macro   0x00000000000162d8      0x2b1 ./Core/Src/fsm_manual.o
 .debug_macro   0x0000000000016589      0x2ad ./Core/Src/global.o
 .debug_macro   0x0000000000016836      0x2b1 ./Core/Src/led.o
 .debug_macro   0x0000000000016ae7      0x2b5 ./Core/Src/main.o
 .debug_macro   0x0000000000016d9c      0x1b5 ./Core/Src/scheduler.o
 .debug_macro   0x0000000000016f51       0x16 ./Core/Src/scheduler.o
 .debug_macro   0x0000000000016f67      0x1a6 ./Core/Src/stm32f1xx_hal_msp.o
 .debug_macro   0x000000000001710d      0x1b0 ./Core/Src/stm32f1xx_it.o
 .debug_macro   0x00000000000172bd      0x197 ./Core/Src/system_stm32f1xx.o
 .debug_macro   0x0000000000017454      0x2b1 ./Core/Src/timer.o
 .debug_macro   0x0000000000017705      0x1bb ./Drivers/STM32F1xx_HAL_Driver/Src/stm32f1xx_hal.o
 .debug_macro   0x00000000000178c0      0x197 ./Drivers/STM32F1xx_HAL_Driver/Src/stm32f1xx_hal_cortex.o
 .debug_macro   0x0000000000017a57      0x202 ./Drivers/STM32F1xx_HAL_Driver/Src/stm32f1xx_hal_gpio.o
 .debug_macro   0x0000000000017c59      0x1a9 ./Drivers/STM32F1xx_HAL_Driver/Src/stm32f1xx_hal_rcc.o
 .debug_macro   0x0000000000017e02      0x198 ./Drivers/STM32F1xx_HAL_Driver/Src/stm32f1xx_hal_tim.o
 .debug_macro   0x0000000000017f9a      0x197 ./Drivers/STM32F1xx_HAL_Driver/Src/stm32f1xx_hal_tim_ex.o

.debug_line     0x0000000000000000     0xd900
 .debug_line    0x0000000000000000      0x899 ./Core/Src/7_SEGMENT.o
 .debug_line    0x0000000000000899      0x739 ./Core/Src/button.o
 .debug_line    0x0000000000000fd2      0x8a5 ./Core/Src/fsm_auto.o
 .debug_line    0x0000000000001877      0x916 ./Core/Src/fsm_manual.o
 .debug_line    0x000000000000218d      0x807 ./Core/Src/global.o
 .debug_line    0x0000000000002994      0x8d0 ./Core/Src/led.o
 .debug_line    0x0000000000003264      0x921 ./Core/Src/main.o
 .debug_line    0x0000000000003b85      0x9bc ./Core/Src/scheduler.o
 .debug_line    0x0000000000004541      0x6a1 ./Core/Src/stm32f1xx_hal_msp.o
 .debug_line    0x0000000000004be2      0x73f ./Core/Src/stm32f1xx_it.o
 .debug_line    0x0000000000005321      0x6e3 ./Core/Src/system_stm32f1xx.o
 .debug_line    0x0000000000005a04      0x838 ./Core/Src/timer.o
 .debug_line    0x000000000000623c       0x86 ./Core/Startup/startup_stm32f103c6ux.o
 .debug_line    0x00000000000062c2      0x910 ./Drivers/STM32F1xx_HAL_Driver/Src/stm32f1xx_hal.o
 .debug_line    0x0000000000006bd2      0xaf8 ./Drivers/STM32F1xx_HAL_Driver/Src/stm32f1xx_hal_cortex.o
 .debug_line    0x00000000000076ca      0x993 ./Drivers/STM32F1xx_HAL_Driver/Src/stm32f1xx_hal_gpio.o
 .debug_line    0x000000000000805d      0xd1c ./Drivers/STM32F1xx_HAL_Driver/Src/stm32f1xx_hal_rcc.o
 .debug_line    0x0000000000008d79     0x3361 ./Drivers/STM32F1xx_HAL_Driver/Src/stm32f1xx_hal_tim.o
 .debug_line    0x000000000000c0da     0x1826 ./Drivers/STM32F1xx_HAL_Driver/Src/stm32f1xx_hal_tim_ex.o

.debug_str      0x0000000000000000    0x860af
 .debug_str     0x0000000000000000    0x83428 ./Core/Src/7_SEGMENT.o
                                      0x8386e (size before relaxing)
 .debug_str     0x0000000000083428       0xdf ./Core/Src/button.o
                                      0x7fd26 (size before relaxing)
 .debug_str     0x0000000000083507       0x94 ./Core/Src/fsm_auto.o
                                      0x83828 (size before relaxing)
 .debug_str     0x000000000008359b       0x4d ./Core/Src/fsm_manual.o
                                      0x837e1 (size before relaxing)
 .debug_str     0x00000000000835e8       0x15 ./Core/Src/global.o
                                      0x837a9 (size before relaxing)
 .debug_str     0x00000000000835fd       0xb0 ./Core/Src/led.o
                                      0x83877 (size before relaxing)
 .debug_str     0x00000000000836ad      0x6d8 ./Core/Src/main.o
                                      0x83f4f (size before relaxing)
 .debug_str     0x0000000000083d85       0xb2 ./Core/Src/scheduler.o
                                      0x7fcf0 (size before relaxing)
 .debug_str     0x0000000000083e37      0x2ba ./Core/Src/stm32f1xx_hal_msp.o
                                      0x803c1 (size before relaxing)
 .debug_str     0x00000000000840f1       0xcd ./Core/Src/stm32f1xx_it.o
                                      0x80123 (size before relaxing)
 .debug_str     0x00000000000841be       0x52 ./Core/Src/system_stm32f1xx.o
                                      0x7f770 (size before relaxing)
 .debug_str     0x0000000000084210       0x26 ./Core/Src/timer.o
                                      0x837c9 (size before relaxing)
 .debug_str     0x0000000000084236       0x36 ./Core/Startup/startup_stm32f103c6ux.o
                                         0x64 (size before relaxing)
 .debug_str     0x000000000008426c      0x304 ./Drivers/STM32F1xx_HAL_Driver/Src/stm32f1xx_hal.o
                                      0x7fdc7 (size before relaxing)
 .debug_str     0x0000000000084570      0x300 ./Drivers/STM32F1xx_HAL_Driver/Src/stm32f1xx_hal_cortex.o
                                      0x7fdcf (size before relaxing)
 .debug_str     0x0000000000084870      0x324 ./Drivers/STM32F1xx_HAL_Driver/Src/stm32f1xx_hal_gpio.o
                                      0x7fb34 (size before relaxing)
 .debug_str     0x0000000000084b94      0x24f ./Drivers/STM32F1xx_HAL_Driver/Src/stm32f1xx_hal_rcc.o
                                      0x7fb6d (size before relaxing)
 .debug_str     0x0000000000084de3      0xdde ./Drivers/STM32F1xx_HAL_Driver/Src/stm32f1xx_hal_tim.o
                                      0x80b56 (size before relaxing)
 .debug_str     0x0000000000085bc1      0x4ee ./Drivers/STM32F1xx_HAL_Driver/Src/stm32f1xx_hal_tim_ex.o
                                      0x802f7 (size before relaxing)

.comment        0x0000000000000000       0x53
 .comment       0x0000000000000000       0x53 ./Core/Src/7_SEGMENT.o
                                         0x54 (size before relaxing)
 .comment       0x0000000000000053       0x54 ./Core/Src/button.o
 .comment       0x0000000000000053       0x54 ./Core/Src/fsm_auto.o
 .comment       0x0000000000000053       0x54 ./Core/Src/fsm_manual.o
 .comment       0x0000000000000053       0x54 ./Core/Src/global.o
 .comment       0x0000000000000053       0x54 ./Core/Src/led.o
 .comment       0x0000000000000053       0x54 ./Core/Src/main.o
 .comment       0x0000000000000053       0x54 ./Core/Src/scheduler.o
 .comment       0x0000000000000053       0x54 ./Core/Src/stm32f1xx_hal_msp.o
 .comment       0x0000000000000053       0x54 ./Core/Src/stm32f1xx_it.o
 .comment       0x0000000000000053       0x54 ./Core/Src/system_stm32f1xx.o
 .comment       0x0000000000000053       0x54 ./Core/Src/timer.o
 .comment       0x0000000000000053       0x54 ./Drivers/STM32F1xx_HAL_Driver/Src/stm32f1xx_hal.o
 .comment       0x0000000000000053       0x54 ./Drivers/STM32F1xx_HAL_Driver/Src/stm32f1xx_hal_cortex.o
 .comment       0x0000000000000053       0x54 ./Drivers/STM32F1xx_HAL_Driver/Src/stm32f1xx_hal_gpio.o
 .comment       0x0000000000000053       0x54 ./Drivers/STM32F1xx_HAL_Driver/Src/stm32f1xx_hal_rcc.o
 .comment       0x0000000000000053       0x54 ./Drivers/STM32F1xx_HAL_Driver/Src/stm32f1xx_hal_tim.o
 .comment       0x0000000000000053       0x54 ./Drivers/STM32F1xx_HAL_Driver/Src/stm32f1xx_hal_tim_ex.o

.debug_frame    0x0000000000000000     0x2c88
 .debug_frame   0x0000000000000000       0x80 ./Core/Src/7_SEGMENT.o
 .debug_frame   0x0000000000000080       0xb0 ./Core/Src/button.o
 .debug_frame   0x0000000000000130       0x48 ./Core/Src/fsm_auto.o
 .debug_frame   0x0000000000000178       0x64 ./Core/Src/fsm_manual.o
 .debug_frame   0x00000000000001dc       0x2c ./Core/Src/global.o
 .debug_frame   0x0000000000000208      0x128 ./Core/Src/led.o
 .debug_frame   0x0000000000000330       0xd4 ./Core/Src/main.o
 .debug_frame   0x0000000000000404      0x13c ./Core/Src/scheduler.o
 .debug_frame   0x0000000000000540       0x80 ./Core/Src/stm32f1xx_hal_msp.o
 .debug_frame   0x00000000000005c0      0x120 ./Core/Src/stm32f1xx_it.o
 .debug_frame   0x00000000000006e0       0x58 ./Core/Src/system_stm32f1xx.o
 .debug_frame   0x0000000000000738       0x60 ./Core/Src/timer.o
 .debug_frame   0x0000000000000798      0x334 ./Drivers/STM32F1xx_HAL_Driver/Src/stm32f1xx_hal.o
 .debug_frame   0x0000000000000acc      0x428 ./Drivers/STM32F1xx_HAL_Driver/Src/stm32f1xx_hal_cortex.o
 .debug_frame   0x0000000000000ef4      0x14c ./Drivers/STM32F1xx_HAL_Driver/Src/stm32f1xx_hal_gpio.o
 .debug_frame   0x0000000000001040      0x218 ./Drivers/STM32F1xx_HAL_Driver/Src/stm32f1xx_hal_rcc.o
 .debug_frame   0x0000000000001258     0x11b4 ./Drivers/STM32F1xx_HAL_Driver/Src/stm32f1xx_hal_tim.o
 .debug_frame   0x000000000000240c      0x638 ./Drivers/STM32F1xx_HAL_Driver/Src/stm32f1xx_hal_tim_ex.o
 .debug_frame   0x0000000000002a44       0x2c c:/st/stm32cubeide_1.7.0/stm32cubeide/plugins/com.st.stm32cube.ide.mcu.externaltools.gnu-tools-for-stm32.9-2020-q2-update.win32_2.0.0.202105311346/tools/bin/../lib/gcc/arm-none-eabi/9.3.1/../../../../arm-none-eabi/lib/thumb/v7-m/nofp\libc_nano.a(lib_a-init.o)
 .debug_frame   0x0000000000002a70       0x20 c:/st/stm32cubeide_1.7.0/stm32cubeide/plugins/com.st.stm32cube.ide.mcu.externaltools.gnu-tools-for-stm32.9-2020-q2-update.win32_2.0.0.202105311346/tools/bin/../lib/gcc/arm-none-eabi/9.3.1/../../../../arm-none-eabi/lib/thumb/v7-m/nofp\libc_nano.a(lib_a-memset.o)
 .debug_frame   0x0000000000002a90       0x34 c:/st/stm32cubeide_1.7.0/stm32cubeide/plugins/com.st.stm32cube.ide.mcu.externaltools.gnu-tools-for-stm32.9-2020-q2-update.win32_2.0.0.202105311346/tools/bin/../lib/gcc/arm-none-eabi/9.3.1/../../../../arm-none-eabi/lib/thumb/v7-m/nofp\libm.a(lib_a-s_ceil.o)
 .debug_frame   0x0000000000002ac4       0x30 c:/st/stm32cubeide_1.7.0/stm32cubeide/plugins/com.st.stm32cube.ide.mcu.externaltools.gnu-tools-for-stm32.9-2020-q2-update.win32_2.0.0.202105311346/tools/bin/../lib/gcc/arm-none-eabi/9.3.1/thumb/v7-m/nofp\libgcc.a(_arm_muldf3.o)
 .debug_frame   0x0000000000002af4       0xac c:/st/stm32cubeide_1.7.0/stm32cubeide/plugins/com.st.stm32cube.ide.mcu.externaltools.gnu-tools-for-stm32.9-2020-q2-update.win32_2.0.0.202105311346/tools/bin/../lib/gcc/arm-none-eabi/9.3.1/thumb/v7-m/nofp\libgcc.a(_arm_addsubdf3.o)
 .debug_frame   0x0000000000002ba0       0xc4 c:/st/stm32cubeide_1.7.0/stm32cubeide/plugins/com.st.stm32cube.ide.mcu.externaltools.gnu-tools-for-stm32.9-2020-q2-update.win32_2.0.0.202105311346/tools/bin/../lib/gcc/arm-none-eabi/9.3.1/thumb/v7-m/nofp\libgcc.a(_arm_cmpdf2.o)
 .debug_frame   0x0000000000002c64       0x24 c:/st/stm32cubeide_1.7.0/stm32cubeide/plugins/com.st.stm32cube.ide.mcu.externaltools.gnu-tools-for-stm32.9-2020-q2-update.win32_2.0.0.202105311346/tools/bin/../lib/gcc/arm-none-eabi/9.3.1/thumb/v7-m/nofp\libgcc.a(_arm_fixdfsi.o)
