Archive member included to satisfy reference by file (symbol)

c:/st/stm32cubeide_1.7.0/stm32cubeide/plugins/com.st.stm32cube.ide.mcu.externaltools.gnu-tools-for-stm32.9-2020-q2-update.win32_2.0.0.202105311346/tools/bin/../lib/gcc/arm-none-eabi/9.3.1/../../../../arm-none-eabi/lib/thumb/v7-m/nofp\libc_nano.a(lib_a-errno.o)
                              ./Core/Src/syscalls.o (__errno)
c:/st/stm32cubeide_1.7.0/stm32cubeide/plugins/com.st.stm32cube.ide.mcu.externaltools.gnu-tools-for-stm32.9-2020-q2-update.win32_2.0.0.202105311346/tools/bin/../lib/gcc/arm-none-eabi/9.3.1/../../../../arm-none-eabi/lib/thumb/v7-m/nofp\libc_nano.a(lib_a-exit.o)
                              c:/st/stm32cubeide_1.7.0/stm32cubeide/plugins/com.st.stm32cube.ide.mcu.externaltools.gnu-tools-for-stm32.9-2020-q2-update.win32_2.0.0.202105311346/tools/bin/../lib/gcc/arm-none-eabi/9.3.1/../../../../arm-none-eabi/lib/thumb/v7-m/nofp/crt0.o (exit)
c:/st/stm32cubeide_1.7.0/stm32cubeide/plugins/com.st.stm32cube.ide.mcu.externaltools.gnu-tools-for-stm32.9-2020-q2-update.win32_2.0.0.202105311346/tools/bin/../lib/gcc/arm-none-eabi/9.3.1/../../../../arm-none-eabi/lib/thumb/v7-m/nofp\libc_nano.a(lib_a-impure.o)
                              c:/st/stm32cubeide_1.7.0/stm32cubeide/plugins/com.st.stm32cube.ide.mcu.externaltools.gnu-tools-for-stm32.9-2020-q2-update.win32_2.0.0.202105311346/tools/bin/../lib/gcc/arm-none-eabi/9.3.1/../../../../arm-none-eabi/lib/thumb/v7-m/nofp\libc_nano.a(lib_a-exit.o) (_global_impure_ptr)
c:/st/stm32cubeide_1.7.0/stm32cubeide/plugins/com.st.stm32cube.ide.mcu.externaltools.gnu-tools-for-stm32.9-2020-q2-update.win32_2.0.0.202105311346/tools/bin/../lib/gcc/arm-none-eabi/9.3.1/../../../../arm-none-eabi/lib/thumb/v7-m/nofp\libc_nano.a(lib_a-init.o)
                              c:/st/stm32cubeide_1.7.0/stm32cubeide/plugins/com.st.stm32cube.ide.mcu.externaltools.gnu-tools-for-stm32.9-2020-q2-update.win32_2.0.0.202105311346/tools/bin/../lib/gcc/arm-none-eabi/9.3.1/../../../../arm-none-eabi/lib/thumb/v7-m/nofp/crt0.o (__libc_init_array)
c:/st/stm32cubeide_1.7.0/stm32cubeide/plugins/com.st.stm32cube.ide.mcu.externaltools.gnu-tools-for-stm32.9-2020-q2-update.win32_2.0.0.202105311346/tools/bin/../lib/gcc/arm-none-eabi/9.3.1/../../../../arm-none-eabi/lib/thumb/v7-m/nofp\libc_nano.a(lib_a-memset.o)
                              c:/st/stm32cubeide_1.7.0/stm32cubeide/plugins/com.st.stm32cube.ide.mcu.externaltools.gnu-tools-for-stm32.9-2020-q2-update.win32_2.0.0.202105311346/tools/bin/../lib/gcc/arm-none-eabi/9.3.1/../../../../arm-none-eabi/lib/thumb/v7-m/nofp/crt0.o (memset)
c:/st/stm32cubeide_1.7.0/stm32cubeide/plugins/com.st.stm32cube.ide.mcu.externaltools.gnu-tools-for-stm32.9-2020-q2-update.win32_2.0.0.202105311346/tools/bin/../lib/gcc/arm-none-eabi/9.3.1/../../../../arm-none-eabi/lib/thumb/v7-m/nofp\libm.a(lib_a-s_ceil.o)
                              ./Core/Src/fsm_manual.o (ceil)
c:/st/stm32cubeide_1.7.0/stm32cubeide/plugins/com.st.stm32cube.ide.mcu.externaltools.gnu-tools-for-stm32.9-2020-q2-update.win32_2.0.0.202105311346/tools/bin/../lib/gcc/arm-none-eabi/9.3.1/thumb/v7-m/nofp\libgcc.a(_arm_muldf3.o)
                              ./Core/Src/fsm_manual.o (__aeabi_dmul)
c:/st/stm32cubeide_1.7.0/stm32cubeide/plugins/com.st.stm32cube.ide.mcu.externaltools.gnu-tools-for-stm32.9-2020-q2-update.win32_2.0.0.202105311346/tools/bin/../lib/gcc/arm-none-eabi/9.3.1/thumb/v7-m/nofp\libgcc.a(_arm_addsubdf3.o)
                              c:/st/stm32cubeide_1.7.0/stm32cubeide/plugins/com.st.stm32cube.ide.mcu.externaltools.gnu-tools-for-stm32.9-2020-q2-update.win32_2.0.0.202105311346/tools/bin/../lib/gcc/arm-none-eabi/9.3.1/../../../../arm-none-eabi/lib/thumb/v7-m/nofp\libm.a(lib_a-s_ceil.o) (__aeabi_dadd)
c:/st/stm32cubeide_1.7.0/stm32cubeide/plugins/com.st.stm32cube.ide.mcu.externaltools.gnu-tools-for-stm32.9-2020-q2-update.win32_2.0.0.202105311346/tools/bin/../lib/gcc/arm-none-eabi/9.3.1/thumb/v7-m/nofp\libgcc.a(_arm_cmpdf2.o)
                              c:/st/stm32cubeide_1.7.0/stm32cubeide/plugins/com.st.stm32cube.ide.mcu.externaltools.gnu-tools-for-stm32.9-2020-q2-update.win32_2.0.0.202105311346/tools/bin/../lib/gcc/arm-none-eabi/9.3.1/../../../../arm-none-eabi/lib/thumb/v7-m/nofp\libm.a(lib_a-s_ceil.o) (__aeabi_dcmpgt)
c:/st/stm32cubeide_1.7.0/stm32cubeide/plugins/com.st.stm32cube.ide.mcu.externaltools.gnu-tools-for-stm32.9-2020-q2-update.win32_2.0.0.202105311346/tools/bin/../lib/gcc/arm-none-eabi/9.3.1/thumb/v7-m/nofp\libgcc.a(_arm_fixdfsi.o)
                              ./Core/Src/fsm_manual.o (__aeabi_d2iz)

Allocating common symbols
Common symbol       size              file

SCH_tasks_G         0xf0              ./Core/Src/scheduler.o
timer_counter       0xc               ./Core/Src/timer.o
uwTick              0x4               ./Drivers/STM32F1xx_HAL_Driver/Src/stm32f1xx_hal.o
pFlash              0x20              ./Drivers/STM32F1xx_HAL_Driver/Src/stm32f1xx_hal_flash.o
[...]
Memory Configuration

Name             Origin             Length             Attributes
RAM              0x0000000020000000 0x0000000000002800 xrw
FLASH            0x0000000008000000 0x0000000000008000 xr
*default*        0x0000000000000000 0xffffffffffffffff

Linker script and memory map

LOAD c:/st/stm32cubeide_1.7.0/stm32cubeide/plugins/com.st.stm32cube.ide.mcu.externaltools.gnu-tools-for-stm32.9-2020-q2-update.win32_2.0.0.202105311346/tools/bin/../lib/gcc/arm-none-eabi/9.3.1/thumb/v7-m/nofp/crti.o
LOAD c:/st/stm32cubeide_1.7.0/stm32cubeide/plugins/com.st.stm32cube.ide.mcu.externaltools.gnu-tools-for-stm32.9-2020-q2-update.win32_2.0.0.202105311346/tools/bin/../lib/gcc/arm-none-eabi/9.3.1/thumb/v7-m/nofp/crtbegin.o
LOAD c:/st/stm32cubeide_1.7.0/stm32cubeide/plugins/com.st.stm32cube.ide.mcu.externaltools.gnu-tools-for-stm32.9-2020-q2-update.win32_2.0.0.202105311346/tools/bin/../lib/gcc/arm-none-eabi/9.3.1/../../../../arm-none-eabi/lib/thumb/v7-m/nofp/crt0.o
LOAD ./Core/Src/7_SEGMENT.o
LOAD ./Core/Src/button.o
LOAD ./Core/Src/fsm_auto.o
LOAD ./Core/Src/fsm_manual.o
LOAD ./Core/Src/global.o
LOAD ./Core/Src/led.o
LOAD ./Core/Src/main.o
LOAD ./Core/Src/scheduler.o
LOAD ./Core/Src/stm32f1xx_hal_msp.o
LOAD ./Core/Src/stm32f1xx_it.o
LOAD ./Core/Src/syscalls.o
LOAD ./Core/Src/sysmem.o
LOAD ./Core/Src/system_stm32f1xx.o
LOAD ./Core/Src/timer.o
LOAD ./Core/Startup/startup_stm32f103c6ux.o
LOAD ./Drivers/STM32F1xx_HAL_Driver/Src/stm32f1xx_hal.o
LOAD ./Drivers/STM32F1xx_HAL_Driver/Src/stm32f1xx_hal_cortex.o
LOAD ./Drivers/STM32F1xx_HAL_Driver/Src/stm32f1xx_hal_dma.o
LOAD ./Drivers/STM32F1xx_HAL_Driver/Src/stm32f1xx_hal_exti.o
LOAD ./Drivers/STM32F1xx_HAL_Driver/Src/stm32f1xx_hal_flash.o
LOAD ./Drivers/STM32F1xx_HAL_Driver/Src/stm32f1xx_hal_flash_ex.o
LOAD ./Drivers/STM32F1xx_HAL_Driver/Src/stm32f1xx_hal_gpio.o
LOAD ./Drivers/STM32F1xx_HAL_Driver/Src/stm32f1xx_hal_gpio_ex.o
LOAD ./Drivers/STM32F1xx_HAL_Driver/Src/stm32f1xx_hal_pwr.o
LOAD ./Drivers/STM32F1xx_HAL_Driver/Src/stm32f1xx_hal_rcc.o
LOAD ./Drivers/STM32F1xx_HAL_Driver/Src/stm32f1xx_hal_rcc_ex.o
LOAD ./Drivers/STM32F1xx_HAL_Driver/Src/stm32f1xx_hal_tim.o
LOAD ./Drivers/STM32F1xx_HAL_Driver/Src/stm32f1xx_hal_tim_ex.o
START GROUP
LOAD c:/st/stm32cubeide_1.7.0/stm32cubeide/plugins/com.st.stm32cube.ide.mcu.externaltools.gnu-tools-for-stm32.9-2020-q2-update.win32_2.0.0.202105311346/tools/bin/../lib/gcc/arm-none-eabi/9.3.1/../../../../arm-none-eabi/lib/thumb/v7-m/nofp\libc_nano.a
LOAD c:/st/stm32cubeide_1.7.0/stm32cubeide/plugins/com.st.stm32cube.ide.mcu.externaltools.gnu-tools-for-stm32.9-2020-q2-update.win32_2.0.0.202105311346/tools/bin/../lib/gcc/arm-none-eabi/9.3.1/../../../../arm-none-eabi/lib/thumb/v7-m/nofp\libm.a
END GROUP
START GROUP
LOAD c:/st/stm32cubeide_1.7.0/stm32cubeide/plugins/com.st.stm32cube.ide.mcu.externaltools.gnu-tools-for-stm32.9-2020-q2-update.win32_2.0.0.202105311346/tools/bin/../lib/gcc/arm-none-eabi/9.3.1/thumb/v7-m/nofp\libgcc.a
LOAD c:/st/stm32cubeide_1.7.0/stm32cubeide/plugins/com.st.stm32cube.ide.mcu.externaltools.gnu-tools-for-stm32.9-2020-q2-update.win32_2.0.0.202105311346/tools/bin/../lib/gcc/arm-none-eabi/9.3.1/../../../../arm-none-eabi/lib/thumb/v7-m/nofp\libc_nano.a
END GROUP
START GROUP
LOAD c:/st/stm32cubeide_1.7.0/stm32cubeide/plugins/com.st.stm32cube.ide.mcu.externaltools.gnu-tools-for-stm32.9-2020-q2-update.win32_2.0.0.202105311346/tools/bin/../lib/gcc/arm-none-eabi/9.3.1/thumb/v7-m/nofp\libgcc.a
LOAD c:/st/stm32cubeide_1.7.0/stm32cubeide/plugins/com.st.stm32cube.ide.mcu.externaltools.gnu-tools-for-stm32.9-2020-q2-update.win32_2.0.0.202105311346/tools/bin/../lib/gcc/arm-none-eabi/9.3.1/../../../../arm-none-eabi/lib/thumb/v7-m/nofp\libc_nano.a
LOAD c:/st/stm32cubeide_1.7.0/stm32cubeide/plugins/com.st.stm32cube.ide.mcu.externaltools.gnu-tools-for-stm32.9-2020-q2-update.win32_2.0.0.202105311346/tools/bin/../lib/gcc/arm-none-eabi/9.3.1/../../../../arm-none-eabi/lib/thumb/v7-m/nofp\libnosys.a
END GROUP
START GROUP
LOAD c:/st/stm32cubeide_1.7.0/stm32cubeide/plugins/com.st.stm32cube.ide.mcu.externaltools.gnu-tools-for-stm32.9-2020-q2-update.win32_2.0.0.202105311346/tools/bin/../lib/gcc/arm-none-eabi/9.3.1/thumb/v7-m/nofp\libgcc.a
LOAD c:/st/stm32cubeide_1.7.0/stm32cubeide/plugins/com.st.stm32cube.ide.mcu.externaltools.gnu-tools-for-stm32.9-2020-q2-update.win32_2.0.0.202105311346/tools/bin/../lib/gcc/arm-none-eabi/9.3.1/../../../../arm-none-eabi/lib/thumb/v7-m/nofp\libc_nano.a
LOAD c:/st/stm32cubeide_1.7.0/stm32cubeide/plugins/com.st.stm32cube.ide.mcu.externaltools.gnu-tools-for-stm32.9-2020-q2-update.win32_2.0.0.202105311346/tools/bin/../lib/gcc/arm-none-eabi/9.3.1/../../../../arm-none-eabi/lib/thumb/v7-m/nofp\libnosys.a
END GROUP
LOAD c:/st/stm32cubeide_1.7.0/stm32cubeide/plugins/com.st.stm32cube.ide.mcu.externaltools.gnu-tools-for-stm32.9-2020-q2-update.win32_2.0.0.202105311346/tools/bin/../lib/gcc/arm-none-eabi/9.3.1/thumb/v7-m/nofp/crtend.o
LOAD c:/st/stm32cubeide_1.7.0/stm32cubeide/plugins/com.st.stm32cube.ide.mcu.externaltools.gnu-tools-for-stm32.9-2020-q2-update.win32_2.0.0.202105311346/tools/bin/../lib/gcc/arm-none-eabi/9.3.1/thumb/v7-m/nofp/crtn.o
                0x0000000020002800                _estack = (ORIGIN (RAM) + LENGTH (RAM))
                0x0000000000000200                _Min_Heap_Size = 0x200
                0x0000000000000400                _Min_Stack_Size = 0x400

.isr_vector     0x0000000008000000      0x10c
                0x0000000008000000                . = ALIGN (0x4)
 *(.isr_vector)
 .isr_vector    0x0000000008000000      0x10c ./Core/Startup/startup_stm32f103c6ux.o
                0x0000000008000000                g_pfnVectors
                0x000000000800010c                . = ALIGN (0x4)

.text           0x0000000008000110     0x30e8
                0x0000000008000110                . = ALIGN (0x4)
 *(.text)
 .text          0x0000000008000110       0x40 c:/st/stm32cubeide_1.7.0/stm32cubeide/plugins/com.st.stm32cube.ide.mcu.externaltools.gnu-tools-for-stm32.9-2020-q2-update.win32_2.0.0.202105311346/tools/bin/../lib/gcc/arm-none-eabi/9.3.1/thumb/v7-m/nofp/crtbegin.o
 .text          0x0000000008000150      0x254 c:/st/stm32cubeide_1.7.0/stm32cubeide/plugins/com.st.stm32cube.ide.mcu.externaltools.gnu-tools-for-stm32.9-2020-q2-update.win32_2.0.0.202105311346/tools/bin/../lib/gcc/arm-none-eabi/9.3.1/thumb/v7-m/nofp\libgcc.a(_arm_muldf3.o)
                0x0000000008000150                __muldf3
                0x0000000008000150                __aeabi_dmul
 .text          0x00000000080003a4      0x378 c:/st/stm32cubeide_1.7.0/stm32cubeide/plugins/com.st.stm32cube.ide.mcu.externaltools.gnu-tools-for-stm32.9-2020-q2-update.win32_2.0.0.202105311346/tools/bin/../lib/gcc/arm-none-eabi/9.3.1/thumb/v7-m/nofp\libgcc.a(_arm_addsubdf3.o)
                0x00000000080003a4                __aeabi_drsub
                0x00000000080003ac                __aeabi_dsub
                0x00000000080003ac                __subdf3
                0x00000000080003b0                __aeabi_dadd
                0x00000000080003b0                __adddf3
                0x0000000008000628                __floatunsidf
                0x0000000008000628                __aeabi_ui2d
                0x0000000008000648                __floatsidf
                0x0000000008000648                __aeabi_i2d
                0x000000000800066c                __aeabi_f2d
                0x000000000800066c                __extendsfdf2
                0x00000000080006b0                __floatundidf
                0x00000000080006b0                __aeabi_ul2d
                0x00000000080006c0                __floatdidf
                0x00000000080006c0                __aeabi_l2d
 .text          0x000000000800071c      0x110 c:/st/stm32cubeide_1.7.0/stm32cubeide/plugins/com.st.stm32cube.ide.mcu.externaltools.gnu-tools-for-stm32.9-2020-q2-update.win32_2.0.0.202105311346/tools/bin/../lib/gcc/arm-none-eabi/9.3.1/thumb/v7-m/nofp\libgcc.a(_arm_cmpdf2.o)
                0x000000000800071c                __gtdf2
                0x000000000800071c                __gedf2
                0x0000000008000724                __ltdf2
                0x0000000008000724                __ledf2
                0x000000000800072c                __nedf2
                0x000000000800072c                __eqdf2
                0x000000000800072c                __cmpdf2
                0x00000000080007a8                __aeabi_cdrcmple
                0x00000000080007b8                __aeabi_cdcmpeq
                0x00000000080007b8                __aeabi_cdcmple
                0x00000000080007c8                __aeabi_dcmpeq
                0x00000000080007dc                __aeabi_dcmplt
                0x00000000080007f0                __aeabi_dcmple
                0x0000000008000804                __aeabi_dcmpge
                0x0000000008000818                __aeabi_dcmpgt
 .text          0x000000000800082c       0x50 c:/st/stm32cubeide_1.7.0/stm32cubeide/plugins/com.st.stm32cube.ide.mcu.externaltools.gnu-tools-for-stm32.9-2020-q2-update.win32_2.0.0.202105311346/tools/bin/../lib/gcc/arm-none-eabi/9.3.1/thumb/v7-m/nofp\libgcc.a(_arm_fixdfsi.o)
                0x000000000800082c                __aeabi_d2iz
                0x000000000800082c                __fixdfsi
 *(.text*)
 .text.display7SEG
                0x000000000800087c       0x6c ./Core/Src/7_SEGMENT.o
                0x000000000800087c                display7SEG
 .text.set7SEGValues
                0x00000000080008e8       0x28 ./Core/Src/7_SEGMENT.o
                0x00000000080008e8                set7SEGValues
 .text.update7SEG
                0x0000000008000910       0xf0 ./Core/Src/7_SEGMENT.o
                0x0000000008000910                update7SEG
 .text.isButtonPress
                0x0000000008000a00       0x34 ./Core/Src/button.o
                0x0000000008000a00                isButtonPress
 .text.isModePress
                0x0000000008000a34       0x10 ./Core/Src/button.o
                0x0000000008000a34                isModePress
 .text.isTimePress
                0x0000000008000a44       0x10 ./Core/Src/button.o
                0x0000000008000a44                isTimePress
 .text.isSetPress
                0x0000000008000a54       0x10 ./Core/Src/button.o
                0x0000000008000a54                isSetPress
 .text.getKeyInput
                0x0000000008000a64      0x118 ./Core/Src/button.o
                0x0000000008000a64                getKeyInput
 .text.init_fsm_auto
                0x0000000008000b7c       0x3c ./Core/Src/fsm_auto.o
                0x0000000008000b7c                init_fsm_auto
 .text.fsm_auto_run
                0x0000000008000bb8      0x120 ./Core/Src/fsm_auto.o
                0x0000000008000bb8                fsm_auto_run
 .text.init_fsm_manual
                0x0000000008000cd8       0x58 ./Core/Src/fsm_manual.o
                0x0000000008000cd8                init_fsm_manual
 .text.fsm_manual_run
                0x0000000008000d30      0x13c ./Core/Src/fsm_manual.o
                0x0000000008000d30                fsm_manual_run
 *fill*         0x0000000008000e6c        0x4 
 .text.valid_time
                0x0000000008000e70       0x8c ./Core/Src/fsm_manual.o
                0x0000000008000e70                valid_time
 .text.turn_off_all
                0x0000000008000efc       0x4c ./Core/Src/led.o
                0x0000000008000efc                turn_off_all
 .text.setTrafficRedGreen
                0x0000000008000f48       0x28 ./Core/Src/led.o
                0x0000000008000f48                setTrafficRedGreen
 .text.setTrafficRedAmber
                0x0000000008000f70       0x24 ./Core/Src/led.o
                0x0000000008000f70                setTrafficRedAmber
 .text.setTrafficGreenRed
                0x0000000008000f94       0x24 ./Core/Src/led.o
                0x0000000008000f94                setTrafficGreenRed
 .text.setTrafficAmberRed
                0x0000000008000fb8       0x24 ./Core/Src/led.o
                0x0000000008000fb8                setTrafficAmberRed
 .text.blink_Red
                0x0000000008000fdc       0x1c ./Core/Src/led.o
                0x0000000008000fdc                blink_Red
 .text.blink_Green
                0x0000000008000ff8       0x20 ./Core/Src/led.o
                0x0000000008000ff8                blink_Green
 .text.blink_Amber
                0x0000000008001018       0x1c ./Core/Src/led.o
                0x0000000008001018                blink_Amber
 .text.SYS_LED_Blinky
                0x0000000008001034       0x14 ./Core/Src/led.o
                0x0000000008001034                SYS_LED_Blinky
 .text.main     0x0000000008001048       0x80 ./Core/Src/main.o
                0x0000000008001048                main
 .text.SystemClock_Config
                0x00000000080010c8       0x76 ./Core/Src/main.o
                0x00000000080010c8                SystemClock_Config
 *fill*         0x000000000800113e        0x2 
 .text.MX_TIM2_Init
                0x0000000008001140       0x98 ./Core/Src/main.o
 .text.MX_GPIO_Init
                0x00000000080011d8       0xc8 ./Core/Src/main.o
 .text.HAL_TIM_PeriodElapsedCallback
                0x00000000080012a0       0x14 ./Core/Src/main.o
                0x00000000080012a0                HAL_TIM_PeriodElapsedCallback
 .text.Error_Handler
                0x00000000080012b4        0xa ./Core/Src/main.o
                0x00000000080012b4                Error_Handler
 *fill*         0x00000000080012be        0x2 
 .text.SCH_Insert_Into_Queue
                0x00000000080012c0      0x12c ./Core/Src/scheduler.o
                0x00000000080012c0                SCH_Insert_Into_Queue
 .text.SCH_Remove_From_Queue
                0x00000000080013ec       0xac ./Core/Src/scheduler.o
                0x00000000080013ec                SCH_Remove_From_Queue
 .text.SCH_Init
                0x0000000008001498       0x80 ./Core/Src/scheduler.o
                0x0000000008001498                SCH_Init
 .text.SCH_Add_Task
                0x0000000008001518       0xa0 ./Core/Src/scheduler.o
                0x0000000008001518                SCH_Add_Task
 .text.SCH_Delete_Task
                0x00000000080015b8      0x150 ./Core/Src/scheduler.o
                0x00000000080015b8                SCH_Delete_Task
 .text.SCH_Update
                0x0000000008001708      0x108 ./Core/Src/scheduler.o
                0x0000000008001708                SCH_Update
 .text.SCH_Dispatch_Tasks
                0x0000000008001810       0x98 ./Core/Src/scheduler.o
                0x0000000008001810                SCH_Dispatch_Tasks
 .text.HAL_MspInit
                0x00000000080018a8       0x64 ./Core/Src/stm32f1xx_hal_msp.o
                0x00000000080018a8                HAL_MspInit
 .text.HAL_TIM_Base_MspInit
                0x000000000800190c       0x48 ./Core/Src/stm32f1xx_hal_msp.o
                0x000000000800190c                HAL_TIM_Base_MspInit
 .text.NMI_Handler
                0x0000000008001954        0x6 ./Core/Src/stm32f1xx_it.o
                0x0000000008001954                NMI_Handler
 .text.HardFault_Handler
                0x000000000800195a        0x6 ./Core/Src/stm32f1xx_it.o
                0x000000000800195a                HardFault_Handler
 .text.MemManage_Handler
                0x0000000008001960        0x6 ./Core/Src/stm32f1xx_it.o
                0x0000000008001960                MemManage_Handler
 .text.BusFault_Handler
                0x0000000008001966        0x6 ./Core/Src/stm32f1xx_it.o
                0x0000000008001966                BusFault_Handler
 .text.UsageFault_Handler
                0x000000000800196c        0x6 ./Core/Src/stm32f1xx_it.o
                0x000000000800196c                UsageFault_Handler
 .text.SVC_Handler
                0x0000000008001972        0xc ./Core/Src/stm32f1xx_it.o
                0x0000000008001972                SVC_Handler
 .text.DebugMon_Handler
                0x000000000800197e        0xc ./Core/Src/stm32f1xx_it.o
                0x000000000800197e                DebugMon_Handler
 .text.PendSV_Handler
                0x000000000800198a        0xc ./Core/Src/stm32f1xx_it.o
                0x000000000800198a                PendSV_Handler
 .text.SysTick_Handler
                0x0000000008001996        0xc ./Core/Src/stm32f1xx_it.o
                0x0000000008001996                SysTick_Handler
 *fill*         0x00000000080019a2        0x2 
 .text.TIM2_IRQHandler
                0x00000000080019a4       0x14 ./Core/Src/stm32f1xx_it.o
                0x00000000080019a4                TIM2_IRQHandler
 .text.SystemInit
                0x00000000080019b8        0xc ./Core/Src/system_stm32f1xx.o
                0x00000000080019b8                SystemInit
 .text.setTimer
                0x00000000080019c4       0x40 ./Core/Src/timer.o
                0x00000000080019c4                setTimer
 .text.timerRun
                0x0000000008001a04       0x60 ./Core/Src/timer.o
                0x0000000008001a04                timerRun
 .text.Reset_Handler
                0x0000000008001a64       0x48 ./Core/Startup/startup_stm32f103c6ux.o
                0x0000000008001a64                Reset_Handler
 .text.Default_Handler
                0x0000000008001aac        0x2 ./Core/Startup/startup_stm32f103c6ux.o
                0x0000000008001aac                RTC_Alarm_IRQHandler
                0x0000000008001aac                EXTI2_IRQHandler
                0x0000000008001aac                TIM1_CC_IRQHandler
                0x0000000008001aac                PVD_IRQHandler
                0x0000000008001aac                EXTI3_IRQHandler
                0x0000000008001aac                EXTI0_IRQHandler
                0x0000000008001aac                ADC1_2_IRQHandler
                0x0000000008001aac                SPI1_IRQHandler
                0x0000000008001aac                TAMPER_IRQHandler
                0x0000000008001aac                DMA1_Channel4_IRQHandler
                0x0000000008001aac                RTC_IRQHandler
                0x0000000008001aac                DMA1_Channel7_IRQHandler
                0x0000000008001aac                CAN1_RX1_IRQHandler
                0x0000000008001aac                I2C1_EV_IRQHandler
                0x0000000008001aac                DMA1_Channel6_IRQHandler
                0x0000000008001aac                TIM3_IRQHandler
                0x0000000008001aac                RCC_IRQHandler
                0x0000000008001aac                TIM1_TRG_COM_IRQHandler
                0x0000000008001aac                DMA1_Channel1_IRQHandler
                0x0000000008001aac                Default_Handler
                0x0000000008001aac                EXTI15_10_IRQHandler
                0x0000000008001aac                EXTI9_5_IRQHandler
                0x0000000008001aac                DMA1_Channel5_IRQHandler
                0x0000000008001aac                EXTI4_IRQHandler
                0x0000000008001aac                USB_LP_CAN1_RX0_IRQHandler
                0x0000000008001aac                USB_HP_CAN1_TX_IRQHandler
                0x0000000008001aac                DMA1_Channel3_IRQHandler
                0x0000000008001aac                TIM1_UP_IRQHandler
                0x0000000008001aac                WWDG_IRQHandler
                0x0000000008001aac                TIM1_BRK_IRQHandler
                0x0000000008001aac                EXTI1_IRQHandler
                0x0000000008001aac                USART2_IRQHandler
                0x0000000008001aac                DMA1_Channel2_IRQHandler
                0x0000000008001aac                CAN1_SCE_IRQHandler
                0x0000000008001aac                FLASH_IRQHandler
                0x0000000008001aac                USART1_IRQHandler
                0x0000000008001aac                I2C1_ER_IRQHandler
                0x0000000008001aac                USBWakeUp_IRQHandler
 *fill*         0x0000000008001aae        0x2 
 .text.HAL_Init
                0x0000000008001ab0       0x2c ./Drivers/STM32F1xx_HAL_Driver/Src/stm32f1xx_hal.o
                0x0000000008001ab0                HAL_Init
 .text.HAL_InitTick
                0x0000000008001adc       0x60 ./Drivers/STM32F1xx_HAL_Driver/Src/stm32f1xx_hal.o
                0x0000000008001adc                HAL_InitTick
 .text.HAL_IncTick
                0x0000000008001b3c       0x24 ./Drivers/STM32F1xx_HAL_Driver/Src/stm32f1xx_hal.o
                0x0000000008001b3c                HAL_IncTick
 .text.HAL_GetTick
                0x0000000008001b60       0x14 ./Drivers/STM32F1xx_HAL_Driver/Src/stm32f1xx_hal.o
                0x0000000008001b60                HAL_GetTick
 .text.__NVIC_SetPriorityGrouping
                0x0000000008001b74       0x48 ./Drivers/STM32F1xx_HAL_Driver/Src/stm32f1xx_hal_cortex.o
 .text.__NVIC_GetPriorityGrouping
                0x0000000008001bbc       0x1c ./Drivers/STM32F1xx_HAL_Driver/Src/stm32f1xx_hal_cortex.o
 .text.__NVIC_EnableIRQ
                0x0000000008001bd8       0x38 ./Drivers/STM32F1xx_HAL_Driver/Src/stm32f1xx_hal_cortex.o
 .text.__NVIC_SetPriority
                0x0000000008001c10       0x54 ./Drivers/STM32F1xx_HAL_Driver/Src/stm32f1xx_hal_cortex.o
 .text.NVIC_EncodePriority
                0x0000000008001c64       0x64 ./Drivers/STM32F1xx_HAL_Driver/Src/stm32f1xx_hal_cortex.o
 .text.SysTick_Config
                0x0000000008001cc8       0x44 ./Drivers/STM32F1xx_HAL_Driver/Src/stm32f1xx_hal_cortex.o
 .text.HAL_NVIC_SetPriorityGrouping
                0x0000000008001d0c       0x16 ./Drivers/STM32F1xx_HAL_Driver/Src/stm32f1xx_hal_cortex.o
                0x0000000008001d0c                HAL_NVIC_SetPriorityGrouping
 .text.HAL_NVIC_SetPriority
                0x0000000008001d22       0x38 ./Drivers/STM32F1xx_HAL_Driver/Src/stm32f1xx_hal_cortex.o
                0x0000000008001d22                HAL_NVIC_SetPriority
 .text.HAL_NVIC_EnableIRQ
                0x0000000008001d5a       0x1c ./Drivers/STM32F1xx_HAL_Driver/Src/stm32f1xx_hal_cortex.o
                0x0000000008001d5a                HAL_NVIC_EnableIRQ
 .text.HAL_SYSTICK_Config
                0x0000000008001d76       0x18 ./Drivers/STM32F1xx_HAL_Driver/Src/stm32f1xx_hal_cortex.o
                0x0000000008001d76                HAL_SYSTICK_Config
 *fill*         0x0000000008001d8e        0x2 
 .text.HAL_GPIO_Init
                0x0000000008001d90      0x2f4 ./Drivers/STM32F1xx_HAL_Driver/Src/stm32f1xx_hal_gpio.o
                0x0000000008001d90                HAL_GPIO_Init
 .text.HAL_GPIO_ReadPin
                0x0000000008002084       0x2e ./Drivers/STM32F1xx_HAL_Driver/Src/stm32f1xx_hal_gpio.o
                0x0000000008002084                HAL_GPIO_ReadPin
 .text.HAL_GPIO_WritePin
                0x00000000080020b2       0x30 ./Drivers/STM32F1xx_HAL_Driver/Src/stm32f1xx_hal_gpio.o
                0x00000000080020b2                HAL_GPIO_WritePin
 .text.HAL_GPIO_TogglePin
                0x00000000080020e2       0x32 ./Drivers/STM32F1xx_HAL_Driver/Src/stm32f1xx_hal_gpio.o
                0x00000000080020e2                HAL_GPIO_TogglePin
 .text.HAL_RCC_OscConfig
                0x0000000008002114      0x500 ./Drivers/STM32F1xx_HAL_Driver/Src/stm32f1xx_hal_rcc.o
                0x0000000008002114                HAL_RCC_OscConfig
 .text.HAL_RCC_ClockConfig
                0x0000000008002614      0x1d4 ./Drivers/STM32F1xx_HAL_Driver/Src/stm32f1xx_hal_rcc.o
                0x0000000008002614                HAL_RCC_ClockConfig
 .text.HAL_RCC_GetSysClockFreq
                0x00000000080027e8       0xa8 ./Drivers/STM32F1xx_HAL_Driver/Src/stm32f1xx_hal_rcc.o
                0x00000000080027e8                HAL_RCC_GetSysClockFreq
 .text.RCC_Delay
                0x0000000008002890       0x3c ./Drivers/STM32F1xx_HAL_Driver/Src/stm32f1xx_hal_rcc.o
 .text.HAL_TIM_Base_Init
                0x00000000080028cc       0x9e ./Drivers/STM32F1xx_HAL_Driver/Src/stm32f1xx_hal_tim.o
                0x00000000080028cc                HAL_TIM_Base_Init
 *fill*         0x000000000800296a        0x2 
 .text.HAL_TIM_Base_Start_IT
                0x000000000800296c       0x98 ./Drivers/STM32F1xx_HAL_Driver/Src/stm32f1xx_hal_tim.o
                0x000000000800296c                HAL_TIM_Base_Start_IT
 .text.HAL_TIM_IRQHandler
                0x0000000008002a04      0x1e0 ./Drivers/STM32F1xx_HAL_Driver/Src/stm32f1xx_hal_tim.o
                0x0000000008002a04                HAL_TIM_IRQHandler
 .text.HAL_TIM_ConfigClockSource
                0x0000000008002be4      0x18e ./Drivers/STM32F1xx_HAL_Driver/Src/stm32f1xx_hal_tim.o
                0x0000000008002be4                HAL_TIM_ConfigClockSource
 .text.HAL_TIM_OC_DelayElapsedCallback
                0x0000000008002d72       0x12 ./Drivers/STM32F1xx_HAL_Driver/Src/stm32f1xx_hal_tim.o
                0x0000000008002d72                HAL_TIM_OC_DelayElapsedCallback
 .text.HAL_TIM_IC_CaptureCallback
                0x0000000008002d84       0x12 ./Drivers/STM32F1xx_HAL_Driver/Src/stm32f1xx_hal_tim.o
                0x0000000008002d84                HAL_TIM_IC_CaptureCallback
 .text.HAL_TIM_PWM_PulseFinishedCallback
                0x0000000008002d96       0x12 ./Drivers/STM32F1xx_HAL_Driver/Src/stm32f1xx_hal_tim.o
                0x0000000008002d96                HAL_TIM_PWM_PulseFinishedCallback
 .text.HAL_TIM_TriggerCallback
                0x0000000008002da8       0x12 ./Drivers/STM32F1xx_HAL_Driver/Src/stm32f1xx_hal_tim.o
                0x0000000008002da8                HAL_TIM_TriggerCallback
 *fill*         0x0000000008002dba        0x2 
 .text.TIM_Base_SetConfig
                0x0000000008002dbc       0xc8 ./Drivers/STM32F1xx_HAL_Driver/Src/stm32f1xx_hal_tim.o
                0x0000000008002dbc                TIM_Base_SetConfig
 .text.TIM_TI1_ConfigInputStage
                0x0000000008002e84       0x5c ./Drivers/STM32F1xx_HAL_Driver/Src/stm32f1xx_hal_tim.o
 .text.TIM_TI2_ConfigInputStage
                0x0000000008002ee0       0x5e ./Drivers/STM32F1xx_HAL_Driver/Src/stm32f1xx_hal_tim.o
 .text.TIM_ITRx_SetConfig
                0x0000000008002f3e       0x34 ./Drivers/STM32F1xx_HAL_Driver/Src/stm32f1xx_hal_tim.o
 .text.TIM_ETR_SetConfig
                0x0000000008002f72       0x3e ./Drivers/STM32F1xx_HAL_Driver/Src/stm32f1xx_hal_tim.o
                0x0000000008002f72                TIM_ETR_SetConfig
 .text.HAL_TIMEx_MasterConfigSynchronization
                0x0000000008002fb0       0xb0 ./Drivers/STM32F1xx_HAL_Driver/Src/stm32f1xx_hal_tim_ex.o
                0x0000000008002fb0                HAL_TIMEx_MasterConfigSynchronization
 .text.HAL_TIMEx_CommutCallback
                0x0000000008003060       0x12 ./Drivers/STM32F1xx_HAL_Driver/Src/stm32f1xx_hal_tim_ex.o
                0x0000000008003060                HAL_TIMEx_CommutCallback
 .text.HAL_TIMEx_BreakCallback
                0x0000000008003072       0x12 ./Drivers/STM32F1xx_HAL_Driver/Src/stm32f1xx_hal_tim_ex.o
                0x0000000008003072                HAL_TIMEx_BreakCallback
 .text.__libc_init_array
                0x0000000008003084       0x48 c:/st/stm32cubeide_1.7.0/stm32cubeide/plugins/com.st.stm32cube.ide.mcu.externaltools.gnu-tools-for-stm32.9-2020-q2-update.win32_2.0.0.202105311346/tools/bin/../lib/gcc/arm-none-eabi/9.3.1/../../../../arm-none-eabi/lib/thumb/v7-m/nofp\libc_nano.a(lib_a-init.o)
                0x0000000008003084                __libc_init_array
 .text.memset   0x00000000080030cc       0x10 c:/st/stm32cubeide_1.7.0/stm32cubeide/plugins/com.st.stm32cube.ide.mcu.externaltools.gnu-tools-for-stm32.9-2020-q2-update.win32_2.0.0.202105311346/tools/bin/../lib/gcc/arm-none-eabi/9.3.1/../../../../arm-none-eabi/lib/thumb/v7-m/nofp\libc_nano.a(lib_a-memset.o)
                0x00000000080030cc                memset
 *fill*         0x00000000080030dc        0x4 
 .text.ceil     0x00000000080030e0      0x100 c:/st/stm32cubeide_1.7.0/stm32cubeide/plugins/com.st.stm32cube.ide.mcu.externaltools.gnu-tools-for-stm32.9-2020-q2-update.win32_2.0.0.202105311346/tools/bin/../lib/gcc/arm-none-eabi/9.3.1/../../../../arm-none-eabi/lib/thumb/v7-m/nofp\libm.a(lib_a-s_ceil.o)
                0x00000000080030e0                ceil
 *(.glue_7)
 .glue_7        0x00000000080031e0        0x0 linker stubs
 *(.glue_7t)
 .glue_7t       0x00000000080031e0        0x0 linker stubs
 *(.eh_frame)
 .eh_frame      0x00000000080031e0        0x0 c:/st/stm32cubeide_1.7.0/stm32cubeide/plugins/com.st.stm32cube.ide.mcu.externaltools.gnu-tools-for-stm32.9-2020-q2-update.win32_2.0.0.202105311346/tools/bin/../lib/gcc/arm-none-eabi/9.3.1/thumb/v7-m/nofp/crtbegin.o
 *(.init)
 .init          0x00000000080031e0        0x4 c:/st/stm32cubeide_1.7.0/stm32cubeide/plugins/com.st.stm32cube.ide.mcu.externaltools.gnu-tools-for-stm32.9-2020-q2-update.win32_2.0.0.202105311346/tools/bin/../lib/gcc/arm-none-eabi/9.3.1/thumb/v7-m/nofp/crti.o
                0x00000000080031e0                _init
 .init          0x00000000080031e4        0x8 c:/st/stm32cubeide_1.7.0/stm32cubeide/plugins/com.st.stm32cube.ide.mcu.externaltools.gnu-tools-for-stm32.9-2020-q2-update.win32_2.0.0.202105311346/tools/bin/../lib/gcc/arm-none-eabi/9.3.1/thumb/v7-m/nofp/crtn.o
 *(.fini)
 .fini          0x00000000080031ec        0x4 c:/st/stm32cubeide_1.7.0/stm32cubeide/plugins/com.st.stm32cube.ide.mcu.externaltools.gnu-tools-for-stm32.9-2020-q2-update.win32_2.0.0.202105311346/tools/bin/../lib/gcc/arm-none-eabi/9.3.1/thumb/v7-m/nofp/crti.o
                0x00000000080031ec                _fini
 .fini          0x00000000080031f0        0x8 c:/st/stm32cubeide_1.7.0/stm32cubeide/plugins/com.st.stm32cube.ide.mcu.externaltools.gnu-tools-for-stm32.9-2020-q2-update.win32_2.0.0.202105311346/tools/bin/../lib/gcc/arm-none-eabi/9.3.1/thumb/v7-m/nofp/crtn.o
                0x00000000080031f8                . = ALIGN (0x4)
                0x00000000080031f8                _etext = .

.vfp11_veneer   0x00000000080031f8        0x0
 .vfp11_veneer  0x00000000080031f8        0x0 linker stubs

.v4_bx          0x00000000080031f8        0x0
 .v4_bx         0x00000000080031f8        0x0 linker stubs

.iplt           0x00000000080031f8        0x0
 .iplt          0x00000000080031f8        0x0 c:/st/stm32cubeide_1.7.0/stm32cubeide/plugins/com.st.stm32cube.ide.mcu.externaltools.gnu-tools-for-stm32.9-2020-q2-update.win32_2.0.0.202105311346/tools/bin/../lib/gcc/arm-none-eabi/9.3.1/thumb/v7-m/nofp/crtbegin.o

.rodata         0x00000000080031f8       0x6c
                0x00000000080031f8                . = ALIGN (0x4)
 *(.rodata)
 *(.rodata*)
 .rodata.seg_pattern
                0x00000000080031f8       0x46 ./Core/Src/7_SEGMENT.o
                0x00000000080031f8                seg_pattern
 *fill*         0x000000000800323e        0x2 
 .rodata.AHBPrescTable
                0x0000000008003240       0x10 ./Core/Src/system_stm32f1xx.o
                0x0000000008003240                AHBPrescTable
 .rodata.aPLLMULFactorTable.6032
                0x0000000008003250       0x10 ./Drivers/STM32F1xx_HAL_Driver/Src/stm32f1xx_hal_rcc.o
 .rodata.aPredivFactorTable.6033
                0x0000000008003260        0x2 ./Drivers/STM32F1xx_HAL_Driver/Src/stm32f1xx_hal_rcc.o
                0x0000000008003264                . = ALIGN (0x4)
 *fill*         0x0000000008003262        0x2 

.rel.dyn        0x0000000008003264        0x0
 .rel.iplt      0x0000000008003264        0x0 c:/st/stm32cubeide_1.7.0/stm32cubeide/plugins/com.st.stm32cube.ide.mcu.externaltools.gnu-tools-for-stm32.9-2020-q2-update.win32_2.0.0.202105311346/tools/bin/../lib/gcc/arm-none-eabi/9.3.1/thumb/v7-m/nofp/crtbegin.o

.ARM.extab      0x0000000008003264        0x0
                0x0000000008003264                . = ALIGN (0x4)
 *(.ARM.extab* .gnu.linkonce.armextab.*)
                0x0000000008003264                . = ALIGN (0x4)

.ARM            0x0000000008003264        0x0
                0x0000000008003264                . = ALIGN (0x4)
                0x0000000008003264                __exidx_start = .
 *(.ARM.exidx*)
                0x0000000008003264                __exidx_end = .
                0x0000000008003264                . = ALIGN (0x4)

.preinit_array  0x0000000008003264        0x0
                0x0000000008003264                . = ALIGN (0x4)
                0x0000000008003264                PROVIDE (__preinit_array_start = .)
 *(.preinit_array*)
                0x0000000008003264                PROVIDE (__preinit_array_end = .)
                0x0000000008003264                . = ALIGN (0x4)

.init_array     0x0000000008003264        0x4
                0x0000000008003264                . = ALIGN (0x4)
                0x0000000008003264                PROVIDE (__init_array_start = .)
 *(SORT_BY_NAME(.init_array.*))
 *(.init_array*)
 .init_array    0x0000000008003264        0x4 c:/st/stm32cubeide_1.7.0/stm32cubeide/plugins/com.st.stm32cube.ide.mcu.externaltools.gnu-tools-for-stm32.9-2020-q2-update.win32_2.0.0.202105311346/tools/bin/../lib/gcc/arm-none-eabi/9.3.1/thumb/v7-m/nofp/crtbegin.o
                0x0000000008003268                PROVIDE (__init_array_end = .)
                0x0000000008003268                . = ALIGN (0x4)

.fini_array     0x0000000008003268        0x4
                0x0000000008003268                . = ALIGN (0x4)
                [!provide]                        PROVIDE (__fini_array_start = .)
 *(SORT_BY_NAME(.fini_array.*))
 *(.fini_array*)
 .fini_array    0x0000000008003268        0x4 c:/st/stm32cubeide_1.7.0/stm32cubeide/plugins/com.st.stm32cube.ide.mcu.externaltools.gnu-tools-for-stm32.9-2020-q2-update.win32_2.0.0.202105311346/tools/bin/../lib/gcc/arm-none-eabi/9.3.1/thumb/v7-m/nofp/crtbegin.o
                [!provide]                        PROVIDE (__fini_array_end = .)
                0x000000000800326c                . = ALIGN (0x4)
                0x000000000800326c                _sidata = LOADADDR (.data)

.data           0x0000000020000000       0x78 load address 0x000000000800326c
                0x0000000020000000                . = ALIGN (0x4)
                0x0000000020000000                _sdata = .
 *(.data)
 *(.data*)
 .data.segPins_A
                0x0000000020000000        0xe ./Core/Src/7_SEGMENT.o
                0x0000000020000000                segPins_A
 *fill*         0x000000002000000e        0x2 
 .data.segPins_B
                0x0000000020000010        0xe ./Core/Src/7_SEGMENT.o
                0x0000000020000010                segPins_B
 *fill*         0x000000002000001e        0x2 
 .data.KeyReg0  0x0000000020000020        0xc ./Core/Src/button.o
                0x0000000020000020                KeyReg0
 .data.KeyReg1  0x000000002000002c        0xc ./Core/Src/button.o
                0x000000002000002c                KeyReg1
 .data.KeyReg2  0x0000000020000038        0xc ./Core/Src/button.o
                0x0000000020000038                KeyReg2
 .data.KeyReg3  0x0000000020000044        0xc ./Core/Src/button.o
                0x0000000020000044                KeyReg3
 .data.BUTTON_PORT
                0x0000000020000050        0x4 ./Core/Src/button.o
                0x0000000020000050                BUTTON_PORT
 .data.BUTTON_PIN
                0x0000000020000054        0x6 ./Core/Src/button.o
                0x0000000020000054                BUTTON_PIN
 *fill*         0x000000002000005a        0x2 
 .data.mode     0x000000002000005c        0x4 ./Core/Src/global.o
                0x000000002000005c                mode
 .data.TrafficTimer
                0x0000000020000060        0xc ./Core/Src/global.o
                0x0000000020000060                TrafficTimer
 .data.SystemCoreClock
                0x000000002000006c        0x4 ./Core/Src/system_stm32f1xx.o
                0x000000002000006c                SystemCoreClock
 .data.uwTickPrio
                0x0000000020000070        0x4 ./Drivers/STM32F1xx_HAL_Driver/Src/stm32f1xx_hal.o
                0x0000000020000070                uwTickPrio
 .data.uwTickFreq
                0x0000000020000074        0x1 ./Drivers/STM32F1xx_HAL_Driver/Src/stm32f1xx_hal.o
                0x0000000020000074                uwTickFreq
 *(.RamFunc)
 *(.RamFunc*)
                0x0000000020000078                . = ALIGN (0x4)
 *fill*         0x0000000020000075        0x3 
                0x0000000020000078                _edata = .

.igot.plt       0x0000000020000078        0x0 load address 0x00000000080032e4
 .igot.plt      0x0000000020000078        0x0 c:/st/stm32cubeide_1.7.0/stm32cubeide/plugins/com.st.stm32cube.ide.mcu.externaltools.gnu-tools-for-stm32.9-2020-q2-update.win32_2.0.0.202105311346/tools/bin/../lib/gcc/arm-none-eabi/9.3.1/thumb/v7-m/nofp/crtbegin.o
                0x0000000020000078                . = ALIGN (0x4)

.bss            0x0000000020000078      0x1bc load address 0x00000000080032e4
                0x0000000020000078                _sbss = .
                0x0000000020000078                __bss_start__ = _sbss
 *(.bss)
 .bss           0x0000000020000078       0x1c c:/st/stm32cubeide_1.7.0/stm32cubeide/plugins/com.st.stm32cube.ide.mcu.externaltools.gnu-tools-for-stm32.9-2020-q2-update.win32_2.0.0.202105311346/tools/bin/../lib/gcc/arm-none-eabi/9.3.1/thumb/v7-m/nofp/crtbegin.o
 *(.bss*)
 .bss.seg_duration
                0x0000000020000094        0x4 ./Core/Src/7_SEGMENT.o
 .bss.seg_mode  0x0000000020000098        0x4 ./Core/Src/7_SEGMENT.o
 .bss.state.6743
                0x000000002000009c        0x4 ./Core/Src/7_SEGMENT.o
 .bss.TimeOutForKeyPress
                0x00000000200000a0        0xc ./Core/Src/button.o
                0x00000000200000a0                TimeOutForKeyPress
 .bss.button_flag
                0x00000000200000ac        0xc ./Core/Src/button.o
                0x00000000200000ac                button_flag
 .bss.status_auto
                0x00000000200000b8        0x4 ./Core/Src/fsm_auto.o
                0x00000000200000b8                status_auto
 .bss.timeLeft_Lane1
                0x00000000200000bc        0x4 ./Core/Src/fsm_auto.o
                0x00000000200000bc                timeLeft_Lane1
 .bss.timeLeft_Lane2
                0x00000000200000c0        0x4 ./Core/Src/fsm_auto.o
                0x00000000200000c0                timeLeft_Lane2
 .bss.temp_time
                0x00000000200000c4        0x4 ./Core/Src/fsm_manual.o
                0x00000000200000c4                temp_time
 .bss.ReadyQueueSize
                0x00000000200000c8        0x1 ./Core/Src/scheduler.o
                0x00000000200000c8                ReadyQueueSize
 *(COMMON)
 *fill*         0x00000000200000c9        0x3 
 COMMON         0x00000000200000cc       0x48 ./Core/Src/main.o
                0x00000000200000cc                htim2
 COMMON         0x0000000020000114      0x104 ./Core/Src/scheduler.o
                0x0000000020000114                SCH_tasks_G
                0x0000000020000204                ReadyQueue
 COMMON         0x0000000020000218       0x18 ./Core/Src/timer.o
                0x0000000020000218                timer_counter
                0x0000000020000224                timer_flag
 COMMON         0x0000000020000230        0x4 ./Drivers/STM32F1xx_HAL_Driver/Src/stm32f1xx_hal.o
                0x0000000020000230                uwTick
                0x0000000020000234                . = ALIGN (0x4)
                0x0000000020000234                _ebss = .
                0x0000000020000234                __bss_end__ = _ebss

._user_heap_stack
                0x0000000020000234      0x604 load address 0x00000000080032e4
                0x0000000020000238                . = ALIGN (0x8)
 *fill*         0x0000000020000234        0x4 
                [!provide]                        PROVIDE (end = .)
                0x0000000020000238                PROVIDE (_end = .)
                0x0000000020000438                . = (. + _Min_Heap_Size)
 *fill*         0x0000000020000238      0x200 
                0x0000000020000838                . = (. + _Min_Stack_Size)
 *fill*         0x0000000020000438      0x400 
                0x0000000020000838                . = ALIGN (0x8)

/DISCARD/
 libc.a(*)
 libm.a(*)
 libgcc.a(*)

.ARM.attributes
                0x0000000000000000       0x29
 *(.ARM.attributes)
 .ARM.attributes
                0x0000000000000000       0x1d c:/st/stm32cubeide_1.7.0/stm32cubeide/plugins/com.st.stm32cube.ide.mcu.externaltools.gnu-tools-for-stm32.9-2020-q2-update.win32_2.0.0.202105311346/tools/bin/../lib/gcc/arm-none-eabi/9.3.1/thumb/v7-m/nofp/crti.o
 .ARM.attributes
                0x000000000000001d       0x2d c:/st/stm32cubeide_1.7.0/stm32cubeide/plugins/com.st.stm32cube.ide.mcu.externaltools.gnu-tools-for-stm32.9-2020-q2-update.win32_2.0.0.202105311346/tools/bin/../lib/gcc/arm-none-eabi/9.3.1/thumb/v7-m/nofp/crtbegin.o
 .ARM.attributes
                0x000000000000004a       0x2d ./Core/Src/7_SEGMENT.o
 .ARM.attributes
                0x0000000000000077       0x2d ./Core/Src/button.o
 .ARM.attributes
                0x00000000000000a4       0x2d ./Core/Src/fsm_auto.o
 .ARM.attributes
                0x00000000000000d1       0x2d ./Core/Src/fsm_manual.o
 .ARM.attributes
                0x00000000000000fe       0x33 ./Core/Src/global.o
 .ARM.attributes
                0x0000000000000131       0x2d ./Core/Src/led.o
 .ARM.attributes
                0x000000000000015e       0x2d ./Core/Src/main.o
 .ARM.attributes
                0x000000000000018b       0x2d ./Core/Src/scheduler.o
 .ARM.attributes
                0x00000000000001b8       0x2d ./Core/Src/stm32f1xx_hal_msp.o
 .ARM.attributes
                0x00000000000001e5       0x2d ./Core/Src/stm32f1xx_it.o
 .ARM.attributes
                0x0000000000000212       0x2d ./Core/Src/system_stm32f1xx.o
 .ARM.attributes
                0x000000000000023f       0x2d ./Core/Src/timer.o
 .ARM.attributes
                0x000000000000026c       0x21 ./Core/Startup/startup_stm32f103c6ux.o
 .ARM.attributes
                0x000000000000028d       0x2d ./Drivers/STM32F1xx_HAL_Driver/Src/stm32f1xx_hal.o
 .ARM.attributes
                0x00000000000002ba       0x2d ./Drivers/STM32F1xx_HAL_Driver/Src/stm32f1xx_hal_cortex.o
 .ARM.attributes
                0x00000000000002e7       0x2d ./Drivers/STM32F1xx_HAL_Driver/Src/stm32f1xx_hal_gpio.o
 .ARM.attributes
                0x0000000000000314       0x2d ./Drivers/STM32F1xx_HAL_Driver/Src/stm32f1xx_hal_rcc.o
 .ARM.attributes
                0x0000000000000341       0x2d ./Drivers/STM32F1xx_HAL_Driver/Src/stm32f1xx_hal_tim.o
 .ARM.attributes
                0x000000000000036e       0x2d ./Drivers/STM32F1xx_HAL_Driver/Src/stm32f1xx_hal_tim_ex.o
 .ARM.attributes
                0x000000000000039b       0x2d c:/st/stm32cubeide_1.7.0/stm32cubeide/plugins/com.st.stm32cube.ide.mcu.externaltools.gnu-tools-for-stm32.9-2020-q2-update.win32_2.0.0.202105311346/tools/bin/../lib/gcc/arm-none-eabi/9.3.1/../../../../arm-none-eabi/lib/thumb/v7-m/nofp\libc_nano.a(lib_a-init.o)
 .ARM.attributes
                0x00000000000003c8       0x2d c:/st/stm32cubeide_1.7.0/stm32cubeide/plugins/com.st.stm32cube.ide.mcu.externaltools.gnu-tools-for-stm32.9-2020-q2-update.win32_2.0.0.202105311346/tools/bin/../lib/gcc/arm-none-eabi/9.3.1/../../../../arm-none-eabi/lib/thumb/v7-m/nofp\libc_nano.a(lib_a-memset.o)
 .ARM.attributes
                0x00000000000003f5       0x2d c:/st/stm32cubeide_1.7.0/stm32cubeide/plugins/com.st.stm32cube.ide.mcu.externaltools.gnu-tools-for-stm32.9-2020-q2-update.win32_2.0.0.202105311346/tools/bin/../lib/gcc/arm-none-eabi/9.3.1/../../../../arm-none-eabi/lib/thumb/v7-m/nofp\libm.a(lib_a-s_ceil.o)
 .ARM.attributes
                0x0000000000000422       0x1d c:/st/stm32cubeide_1.7.0/stm32cubeide/plugins/com.st.stm32cube.ide.mcu.externaltools.gnu-tools-for-stm32.9-2020-q2-update.win32_2.0.0.202105311346/tools/bin/../lib/gcc/arm-none-eabi/9.3.1/thumb/v7-m/nofp\libgcc.a(_arm_muldf3.o)
 .ARM.attributes
                0x000000000000043f       0x1d c:/st/stm32cubeide_1.7.0/stm32cubeide/plugins/com.st.stm32cube.ide.mcu.externaltools.gnu-tools-for-stm32.9-2020-q2-update.win32_2.0.0.202105311346/tools/bin/../lib/gcc/arm-none-eabi/9.3.1/thumb/v7-m/nofp\libgcc.a(_arm_addsubdf3.o)
 .ARM.attributes
                0x000000000000045c       0x1d c:/st/stm32cubeide_1.7.0/stm32cubeide/plugins/com.st.stm32cube.ide.mcu.externaltools.gnu-tools-for-stm32.9-2020-q2-update.win32_2.0.0.202105311346/tools/bin/../lib/gcc/arm-none-eabi/9.3.1/thumb/v7-m/nofp\libgcc.a(_arm_cmpdf2.o)
 .ARM.attributes
                0x0000000000000479       0x1d c:/st/stm32cubeide_1.7.0/stm32cubeide/plugins/com.st.stm32cube.ide.mcu.externaltools.gnu-tools-for-stm32.9-2020-q2-update.win32_2.0.0.202105311346/tools/bin/../lib/gcc/arm-none-eabi/9.3.1/thumb/v7-m/nofp\libgcc.a(_arm_fixdfsi.o)
 .ARM.attributes
                0x0000000000000496       0x1d c:/st/stm32cubeide_1.7.0/stm32cubeide/plugins/com.st.stm32cube.ide.mcu.externaltools.gnu-tools-for-stm32.9-2020-q2-update.win32_2.0.0.202105311346/tools/bin/../lib/gcc/arm-none-eabi/9.3.1/thumb/v7-m/nofp/crtn.o
OUTPUT(STM32Project.elf elf32-littlearm)
LOAD linker stubs
LOAD c:/st/stm32cubeide_1.7.0/stm32cubeide/plugins/com.st.stm32cube.ide.mcu.externaltools.gnu-tools-for-stm32.9-2020-q2-update.win32_2.0.0.202105311346/tools/bin/../lib/gcc/arm-none-eabi/9.3.1/../../../../arm-none-eabi/lib/thumb/v7-m/nofp\libc.a
LOAD c:/st/stm32cubeide_1.7.0/stm32cubeide/plugins/com.st.stm32cube.ide.mcu.externaltools.gnu-tools-for-stm32.9-2020-q2-update.win32_2.0.0.202105311346/tools/bin/../lib/gcc/arm-none-eabi/9.3.1/../../../../arm-none-eabi/lib/thumb/v7-m/nofp\libm.a
LOAD c:/st/stm32cubeide_1.7.0/stm32cubeide/plugins/com.st.stm32cube.ide.mcu.externaltools.gnu-tools-for-stm32.9-2020-q2-update.win32_2.0.0.202105311346/tools/bin/../lib/gcc/arm-none-eabi/9.3.1/thumb/v7-m/nofp\libgcc.a

.debug_info     0x0000000000000000     0xddc3
 .debug_info    0x0000000000000000      0xd44 ./Core/Src/7_SEGMENT.o
 .debug_info    0x0000000000000d44      0x379 ./Core/Src/button.o
 .debug_info    0x00000000000010bd      0xb98 ./Core/Src/fsm_auto.o
 .debug_info    0x0000000000001c55      0xb86 ./Core/Src/fsm_manual.o
 .debug_info    0x00000000000027db      0xb52 ./Core/Src/global.o
 .debug_info    0x000000000000332d      0xc87 ./Core/Src/led.o
 .debug_info    0x0000000000003fb4     0x1538 ./Core/Src/main.o
 .debug_info    0x00000000000054ec      0x42d ./Core/Src/scheduler.o
 .debug_info    0x0000000000005919      0xa09 ./Core/Src/stm32f1xx_hal_msp.o
 .debug_info    0x0000000000006322      0x7b9 ./Core/Src/stm32f1xx_it.o
 .debug_info    0x0000000000006adb      0x2be ./Core/Src/system_stm32f1xx.o
 .debug_info    0x0000000000006d99      0xbb9 ./Core/Src/timer.o
 .debug_info    0x0000000000007952       0x22 ./Core/Startup/startup_stm32f103c6ux.o
 .debug_info    0x0000000000007974      0x74c ./Drivers/STM32F1xx_HAL_Driver/Src/stm32f1xx_hal.o
 .debug_info    0x00000000000080c0      0xbbe ./Drivers/STM32F1xx_HAL_Driver/Src/stm32f1xx_hal_cortex.o
 .debug_info    0x0000000000008c7e      0x701 ./Drivers/STM32F1xx_HAL_Driver/Src/stm32f1xx_hal_gpio.o
 .debug_info    0x000000000000937f      0x893 ./Drivers/STM32F1xx_HAL_Driver/Src/stm32f1xx_hal_rcc.o
 .debug_info    0x0000000000009c12     0x2c32 ./Drivers/STM32F1xx_HAL_Driver/Src/stm32f1xx_hal_tim.o
 .debug_info    0x000000000000c844     0x157f ./Drivers/STM32F1xx_HAL_Driver/Src/stm32f1xx_hal_tim_ex.o

.debug_abbrev   0x0000000000000000     0x24c9
 .debug_abbrev  0x0000000000000000      0x267 ./Core/Src/7_SEGMENT.o
 .debug_abbrev  0x0000000000000267      0x175 ./Core/Src/button.o
 .debug_abbrev  0x00000000000003dc      0x1eb ./Core/Src/fsm_auto.o
 .debug_abbrev  0x00000000000005c7      0x1eb ./Core/Src/fsm_manual.o
 .debug_abbrev  0x00000000000007b2      0x1cb ./Core/Src/global.o
 .debug_abbrev  0x000000000000097d      0x1e7 ./Core/Src/led.o
 .debug_abbrev  0x0000000000000b64      0x2bb ./Core/Src/main.o
 .debug_abbrev  0x0000000000000e1f      0x1d0 ./Core/Src/scheduler.o
 .debug_abbrev  0x0000000000000fef      0x1b7 ./Core/Src/stm32f1xx_hal_msp.o
 .debug_abbrev  0x00000000000011a6      0x176 ./Core/Src/stm32f1xx_it.o
 .debug_abbrev  0x000000000000131c      0x14e ./Core/Src/system_stm32f1xx.o
 .debug_abbrev  0x000000000000146a      0x22e ./Core/Src/timer.o
 .debug_abbrev  0x0000000000001698       0x12 ./Core/Startup/startup_stm32f103c6ux.o
 .debug_abbrev  0x00000000000016aa      0x1ed ./Drivers/STM32F1xx_HAL_Driver/Src/stm32f1xx_hal.o
 .debug_abbrev  0x0000000000001897      0x313 ./Drivers/STM32F1xx_HAL_Driver/Src/stm32f1xx_hal_cortex.o
 .debug_abbrev  0x0000000000001baa      0x1e8 ./Drivers/STM32F1xx_HAL_Driver/Src/stm32f1xx_hal_gpio.o
 .debug_abbrev  0x0000000000001d92      0x273 ./Drivers/STM32F1xx_HAL_Driver/Src/stm32f1xx_hal_rcc.o
 .debug_abbrev  0x0000000000002005      0x25e ./Drivers/STM32F1xx_HAL_Driver/Src/stm32f1xx_hal_tim.o
 .debug_abbrev  0x0000000000002263      0x266 ./Drivers/STM32F1xx_HAL_Driver/Src/stm32f1xx_hal_tim_ex.o

.debug_aranges  0x0000000000000000      0xaf8
 .debug_aranges
                0x0000000000000000       0x30 ./Core/Src/7_SEGMENT.o
 .debug_aranges
                0x0000000000000030       0x40 ./Core/Src/button.o
 .debug_aranges
                0x0000000000000070       0x28 ./Core/Src/fsm_auto.o
 .debug_aranges
                0x0000000000000098       0x30 ./Core/Src/fsm_manual.o
 .debug_aranges
                0x00000000000000c8       0x18 ./Core/Src/global.o
 .debug_aranges
                0x00000000000000e0       0x68 ./Core/Src/led.o
 .debug_aranges
                0x0000000000000148       0x48 ./Core/Src/main.o
 .debug_aranges
                0x0000000000000190       0x58 ./Core/Src/scheduler.o
 .debug_aranges
                0x00000000000001e8       0x30 ./Core/Src/stm32f1xx_hal_msp.o
 .debug_aranges
                0x0000000000000218       0x68 ./Core/Src/stm32f1xx_it.o
 .debug_aranges
                0x0000000000000280       0x28 ./Core/Src/system_stm32f1xx.o
 .debug_aranges
                0x00000000000002a8       0x28 ./Core/Src/timer.o
 .debug_aranges
                0x00000000000002d0       0x28 ./Core/Startup/startup_stm32f103c6ux.o
 .debug_aranges
                0x00000000000002f8       0xe0 ./Drivers/STM32F1xx_HAL_Driver/Src/stm32f1xx_hal.o
 .debug_aranges
                0x00000000000003d8      0x100 ./Drivers/STM32F1xx_HAL_Driver/Src/stm32f1xx_hal_cortex.o
 .debug_aranges
                0x00000000000004d8       0x58 ./Drivers/STM32F1xx_HAL_Driver/Src/stm32f1xx_hal_gpio.o
 .debug_aranges
                0x0000000000000530       0x90 ./Drivers/STM32F1xx_HAL_Driver/Src/stm32f1xx_hal_rcc.o
 .debug_aranges
                0x00000000000005c0      0x3d0 ./Drivers/STM32F1xx_HAL_Driver/Src/stm32f1xx_hal_tim.o
 .debug_aranges
                0x0000000000000990      0x168 ./Drivers/STM32F1xx_HAL_Driver/Src/stm32f1xx_hal_tim_ex.o

.debug_ranges   0x0000000000000000      0x9c8
 .debug_ranges  0x0000000000000000       0x20 ./Core/Src/7_SEGMENT.o
 .debug_ranges  0x0000000000000020       0x30 ./Core/Src/button.o
 .debug_ranges  0x0000000000000050       0x18 ./Core/Src/fsm_auto.o
 .debug_ranges  0x0000000000000068       0x20 ./Core/Src/fsm_manual.o
 .debug_ranges  0x0000000000000088       0x58 ./Core/Src/led.o
 .debug_ranges  0x00000000000000e0       0x38 ./Core/Src/main.o
 .debug_ranges  0x0000000000000118       0x48 ./Core/Src/scheduler.o
 .debug_ranges  0x0000000000000160       0x20 ./Core/Src/stm32f1xx_hal_msp.o
 .debug_ranges  0x0000000000000180       0x58 ./Core/Src/stm32f1xx_it.o
 .debug_ranges  0x00000000000001d8       0x18 ./Core/Src/system_stm32f1xx.o
 .debug_ranges  0x00000000000001f0       0x18 ./Core/Src/timer.o
 .debug_ranges  0x0000000000000208       0x20 ./Core/Startup/startup_stm32f103c6ux.o
 .debug_ranges  0x0000000000000228       0xd0 ./Drivers/STM32F1xx_HAL_Driver/Src/stm32f1xx_hal.o
 .debug_ranges  0x00000000000002f8       0xf0 ./Drivers/STM32F1xx_HAL_Driver/Src/stm32f1xx_hal_cortex.o
 .debug_ranges  0x00000000000003e8       0x48 ./Drivers/STM32F1xx_HAL_Driver/Src/stm32f1xx_hal_gpio.o
 .debug_ranges  0x0000000000000430       0x80 ./Drivers/STM32F1xx_HAL_Driver/Src/stm32f1xx_hal_rcc.o
 .debug_ranges  0x00000000000004b0      0x3c0 ./Drivers/STM32F1xx_HAL_Driver/Src/stm32f1xx_hal_tim.o
 .debug_ranges  0x0000000000000870      0x158 ./Drivers/STM32F1xx_HAL_Driver/Src/stm32f1xx_hal_tim_ex.o

.debug_macro    0x0000000000000000    0x18131
 .debug_macro   0x0000000000000000      0x2b1 ./Core/Src/7_SEGMENT.o
 .debug_macro   0x00000000000002b1      0xa9c ./Core/Src/7_SEGMENT.o
 .debug_macro   0x0000000000000d4d      0x215 ./Core/Src/7_SEGMENT.o
 .debug_macro   0x0000000000000f62       0x2e ./Core/Src/7_SEGMENT.o
 .debug_macro   0x0000000000000f90       0x22 ./Core/Src/7_SEGMENT.o
 .debug_macro   0x0000000000000fb2       0x22 ./Core/Src/7_SEGMENT.o
 .debug_macro   0x0000000000000fd4       0x8e ./Core/Src/7_SEGMENT.o
 .debug_macro   0x0000000000001062       0x51 ./Core/Src/7_SEGMENT.o
 .debug_macro   0x00000000000010b3      0x103 ./Core/Src/7_SEGMENT.o
 .debug_macro   0x00000000000011b6       0x6a ./Core/Src/7_SEGMENT.o
 .debug_macro   0x0000000000001220      0x1df ./Core/Src/7_SEGMENT.o
 .debug_macro   0x00000000000013ff       0x1c ./Core/Src/7_SEGMENT.o
 .debug_macro   0x000000000000141b       0x22 ./Core/Src/7_SEGMENT.o
 .debug_macro   0x000000000000143d       0xc3 ./Core/Src/7_SEGMENT.o
 .debug_macro   0x0000000000001500      0xd23 ./Core/Src/7_SEGMENT.o
 .debug_macro   0x0000000000002223     0xde75 ./Core/Src/7_SEGMENT.o
 .debug_macro   0x0000000000010098       0x6d ./Core/Src/7_SEGMENT.o
 .debug_macro   0x0000000000010105     0x34a2 ./Core/Src/7_SEGMENT.o
 .debug_macro   0x00000000000135a7      0x174 ./Core/Src/7_SEGMENT.o
 .debug_macro   0x000000000001371b       0x5c ./Core/Src/7_SEGMENT.o
 .debug_macro   0x0000000000013777      0x5bc ./Core/Src/7_SEGMENT.o
 .debug_macro   0x0000000000013d33      0x1b7 ./Core/Src/7_SEGMENT.o
 .debug_macro   0x0000000000013eea      0x1cb ./Core/Src/7_SEGMENT.o
 .debug_macro   0x00000000000140b5      0x114 ./Core/Src/7_SEGMENT.o
 .debug_macro   0x00000000000141c9      0x1b2 ./Core/Src/7_SEGMENT.o
 .debug_macro   0x000000000001437b       0x27 ./Core/Src/7_SEGMENT.o
 .debug_macro   0x00000000000143a2      0x12f ./Core/Src/7_SEGMENT.o
 .debug_macro   0x00000000000144d1      0x1bc ./Core/Src/7_SEGMENT.o
 .debug_macro   0x000000000001468d       0x34 ./Core/Src/7_SEGMENT.o
 .debug_macro   0x00000000000146c1       0x3c ./Core/Src/7_SEGMENT.o
 .debug_macro   0x00000000000146fd       0x57 ./Core/Src/7_SEGMENT.o
 .debug_macro   0x0000000000014754       0x87 ./Core/Src/7_SEGMENT.o
 .debug_macro   0x00000000000147db      0x183 ./Core/Src/7_SEGMENT.o
 .debug_macro   0x000000000001495e      0x140 ./Core/Src/7_SEGMENT.o
 .debug_macro   0x0000000000014a9e      0x8ed ./Core/Src/7_SEGMENT.o
 .debug_macro   0x000000000001538b       0x69 ./Core/Src/7_SEGMENT.o
 .debug_macro   0x00000000000153f4      0x13c ./Core/Src/7_SEGMENT.o
 .debug_macro   0x0000000000015530       0x22 ./Core/Src/7_SEGMENT.o
 .debug_macro   0x0000000000015552       0x28 ./Core/Src/7_SEGMENT.o
 .debug_macro   0x000000000001557a       0x1c ./Core/Src/7_SEGMENT.o
 .debug_macro   0x0000000000015596       0x52 ./Core/Src/7_SEGMENT.o
 .debug_macro   0x00000000000155e8       0x18 ./Core/Src/7_SEGMENT.o
 .debug_macro   0x0000000000015600       0x3c ./Core/Src/7_SEGMENT.o
 .debug_macro   0x000000000001563c       0x34 ./Core/Src/7_SEGMENT.o
 .debug_macro   0x0000000000015670       0x16 ./Core/Src/7_SEGMENT.o
 .debug_macro   0x0000000000015686       0x43 ./Core/Src/7_SEGMENT.o
 .debug_macro   0x00000000000156c9       0x34 ./Core/Src/7_SEGMENT.o
 .debug_macro   0x00000000000156fd       0x10 ./Core/Src/7_SEGMENT.o
 .debug_macro   0x000000000001570d       0x58 ./Core/Src/7_SEGMENT.o
 .debug_macro   0x0000000000015765       0x71 ./Core/Src/7_SEGMENT.o
 .debug_macro   0x00000000000157d6       0x1c ./Core/Src/7_SEGMENT.o
 .debug_macro   0x00000000000157f2      0x12a ./Core/Src/7_SEGMENT.o
 .debug_macro   0x000000000001591c      0x333 ./Core/Src/7_SEGMENT.o
 .debug_macro   0x0000000000015c4f      0x1a9 ./Core/Src/7_SEGMENT.o
 .debug_macro   0x0000000000015df8       0x34 ./Core/Src/7_SEGMENT.o
 .debug_macro   0x0000000000015e2c      0x1c1 ./Core/Src/button.o
 .debug_macro   0x0000000000015fed       0x22 ./Core/Src/button.o
 .debug_macro   0x000000000001600f      0x2c9 ./Core/Src/fsm_auto.o
 .debug_macro   0x00000000000162d8      0x2b1 ./Core/Src/fsm_manual.o
 .debug_macro   0x0000000000016589      0x2ad ./Core/Src/global.o
 .debug_macro   0x0000000000016836      0x2b1 ./Core/Src/led.o
 .debug_macro   0x0000000000016ae7      0x2b5 ./Core/Src/main.o
 .debug_macro   0x0000000000016d9c      0x1b5 ./Core/Src/scheduler.o
 .debug_macro   0x0000000000016f51       0x16 ./Core/Src/scheduler.o
 .debug_macro   0x0000000000016f67      0x1a6 ./Core/Src/stm32f1xx_hal_msp.o
 .debug_macro   0x000000000001710d      0x1b0 ./Core/Src/stm32f1xx_it.o
 .debug_macro   0x00000000000172bd      0x197 ./Core/Src/system_stm32f1xx.o
 .debug_macro   0x0000000000017454      0x2b1 ./Core/Src/timer.o
 .debug_macro   0x0000000000017705      0x1bb ./Drivers/STM32F1xx_HAL_Driver/Src/stm32f1xx_hal.o
 .debug_macro   0x00000000000178c0      0x197 ./Drivers/STM32F1xx_HAL_Driver/Src/stm32f1xx_hal_cortex.o
 .debug_macro   0x0000000000017a57      0x202 ./Drivers/STM32F1xx_HAL_Driver/Src/stm32f1xx_hal_gpio.o
 .debug_macro   0x0000000000017c59      0x1a9 ./Drivers/STM32F1xx_HAL_Driver/Src/stm32f1xx_hal_rcc.o
 .debug_macro   0x0000000000017e02      0x198 ./Drivers/STM32F1xx_HAL_Driver/Src/stm32f1xx_hal_tim.o
 .debug_macro   0x0000000000017f9a      0x197 ./Drivers/STM32F1xx_HAL_Driver/Src/stm32f1xx_hal_tim_ex.o

.debug_line     0x0000000000000000     0xd8f1
 .debug_line    0x0000000000000000      0x899 ./Core/Src/7_SEGMENT.o
 .debug_line    0x0000000000000899      0x739 ./Core/Src/button.o
 .debug_line    0x0000000000000fd2      0x8b2 ./Core/Src/fsm_auto.o
 .debug_line    0x0000000000001884      0x919 ./Core/Src/fsm_manual.o
 .debug_line    0x000000000000219d      0x7e1 ./Core/Src/global.o
 .debug_line    0x000000000000297e      0x8d0 ./Core/Src/led.o
 .debug_line    0x000000000000324e      0x928 ./Core/Src/main.o
 .debug_line    0x0000000000003b76      0x9bc ./Core/Src/scheduler.o
 .debug_line    0x0000000000004532      0x6a1 ./Core/Src/stm32f1xx_hal_msp.o
 .debug_line    0x0000000000004bd3      0x73f ./Core/Src/stm32f1xx_it.o
 .debug_line    0x0000000000005312      0x6e3 ./Core/Src/system_stm32f1xx.o
 .debug_line    0x00000000000059f5      0x838 ./Core/Src/timer.o
 .debug_line    0x000000000000622d       0x86 ./Core/Startup/startup_stm32f103c6ux.o
 .debug_line    0x00000000000062b3      0x910 ./Drivers/STM32F1xx_HAL_Driver/Src/stm32f1xx_hal.o
 .debug_line    0x0000000000006bc3      0xaf8 ./Drivers/STM32F1xx_HAL_Driver/Src/stm32f1xx_hal_cortex.o
 .debug_line    0x00000000000076bb      0x993 ./Drivers/STM32F1xx_HAL_Driver/Src/stm32f1xx_hal_gpio.o
 .debug_line    0x000000000000804e      0xd1c ./Drivers/STM32F1xx_HAL_Driver/Src/stm32f1xx_hal_rcc.o
 .debug_line    0x0000000000008d6a     0x3361 ./Drivers/STM32F1xx_HAL_Driver/Src/stm32f1xx_hal_tim.o
 .debug_line    0x000000000000c0cb     0x1826 ./Drivers/STM32F1xx_HAL_Driver/Src/stm32f1xx_hal_tim_ex.o

.debug_str      0x0000000000000000    0x860dc
 .debug_str     0x0000000000000000    0x83427 ./Core/Src/7_SEGMENT.o
                                      0x83866 (size before relaxing)
 .debug_str     0x0000000000083427      0x10d ./Core/Src/button.o
                                      0x7fd26 (size before relaxing)
 .debug_str     0x0000000000083534       0x94 ./Core/Src/fsm_auto.o
                                      0x83825 (size before relaxing)
 .debug_str     0x00000000000835c8       0x4d ./Core/Src/fsm_manual.o
                                      0x837de (size before relaxing)
 .debug_str     0x0000000000083615       0x15 ./Core/Src/global.o
                                      0x837a6 (size before relaxing)
 .debug_str     0x000000000008362a       0xb0 ./Core/Src/led.o
                                      0x83874 (size before relaxing)
 .debug_str     0x00000000000836da      0x6d8 ./Core/Src/main.o
                                      0x83f4c (size before relaxing)
 .debug_str     0x0000000000083db2       0xb2 ./Core/Src/scheduler.o
                                      0x7fcef (size before relaxing)
 .debug_str     0x0000000000083e64      0x2ba ./Core/Src/stm32f1xx_hal_msp.o
                                      0x803c1 (size before relaxing)
 .debug_str     0x000000000008411e       0xcd ./Core/Src/stm32f1xx_it.o
                                      0x80123 (size before relaxing)
 .debug_str     0x00000000000841eb       0x52 ./Core/Src/system_stm32f1xx.o
                                      0x7f770 (size before relaxing)
 .debug_str     0x000000000008423d       0x26 ./Core/Src/timer.o
                                      0x837c6 (size before relaxing)
 .debug_str     0x0000000000084263       0x36 ./Core/Startup/startup_stm32f103c6ux.o
                                         0x64 (size before relaxing)
 .debug_str     0x0000000000084299      0x304 ./Drivers/STM32F1xx_HAL_Driver/Src/stm32f1xx_hal.o
                                      0x7fdc7 (size before relaxing)
 .debug_str     0x000000000008459d      0x300 ./Drivers/STM32F1xx_HAL_Driver/Src/stm32f1xx_hal_cortex.o
                                      0x7fdcf (size before relaxing)
 .debug_str     0x000000000008489d      0x324 ./Drivers/STM32F1xx_HAL_Driver/Src/stm32f1xx_hal_gpio.o
                                      0x7fb34 (size before relaxing)
 .debug_str     0x0000000000084bc1      0x24f ./Drivers/STM32F1xx_HAL_Driver/Src/stm32f1xx_hal_rcc.o
                                      0x7fb6d (size before relaxing)
 .debug_str     0x0000000000084e10      0xdde ./Drivers/STM32F1xx_HAL_Driver/Src/stm32f1xx_hal_tim.o
                                      0x80b56 (size before relaxing)
 .debug_str     0x0000000000085bee      0x4ee ./Drivers/STM32F1xx_HAL_Driver/Src/stm32f1xx_hal_tim_ex.o
                                      0x802f7 (size before relaxing)

.comment        0x0000000000000000       0x53
 .comment       0x0000000000000000       0x53 ./Core/Src/7_SEGMENT.o
                                         0x54 (size before relaxing)
 .comment       0x0000000000000053       0x54 ./Core/Src/button.o
 .comment       0x0000000000000053       0x54 ./Core/Src/fsm_auto.o
 .comment       0x0000000000000053       0x54 ./Core/Src/fsm_manual.o
 .comment       0x0000000000000053       0x54 ./Core/Src/global.o
 .comment       0x0000000000000053       0x54 ./Core/Src/led.o
 .comment       0x0000000000000053       0x54 ./Core/Src/main.o
 .comment       0x0000000000000053       0x54 ./Core/Src/scheduler.o
 .comment       0x0000000000000053       0x54 ./Core/Src/stm32f1xx_hal_msp.o
 .comment       0x0000000000000053       0x54 ./Core/Src/stm32f1xx_it.o
 .comment       0x0000000000000053       0x54 ./Core/Src/system_stm32f1xx.o
 .comment       0x0000000000000053       0x54 ./Core/Src/timer.o
 .comment       0x0000000000000053       0x54 ./Drivers/STM32F1xx_HAL_Driver/Src/stm32f1xx_hal.o
 .comment       0x0000000000000053       0x54 ./Drivers/STM32F1xx_HAL_Driver/Src/stm32f1xx_hal_cortex.o
 .comment       0x0000000000000053       0x54 ./Drivers/STM32F1xx_HAL_Driver/Src/stm32f1xx_hal_gpio.o
 .comment       0x0000000000000053       0x54 ./Drivers/STM32F1xx_HAL_Driver/Src/stm32f1xx_hal_rcc.o
 .comment       0x0000000000000053       0x54 ./Drivers/STM32F1xx_HAL_Driver/Src/stm32f1xx_hal_tim.o
 .comment       0x0000000000000053       0x54 ./Drivers/STM32F1xx_HAL_Driver/Src/stm32f1xx_hal_tim_ex.o

.debug_frame    0x0000000000000000     0x2c5c
 .debug_frame   0x0000000000000000       0x80 ./Core/Src/7_SEGMENT.o
 .debug_frame   0x0000000000000080       0xb0 ./Core/Src/button.o
 .debug_frame   0x0000000000000130       0x48 ./Core/Src/fsm_auto.o
 .debug_frame   0x0000000000000178       0x64 ./Core/Src/fsm_manual.o
 .debug_frame   0x00000000000001dc      0x128 ./Core/Src/led.o
 .debug_frame   0x0000000000000304       0xd4 ./Core/Src/main.o
 .debug_frame   0x00000000000003d8      0x13c ./Core/Src/scheduler.o
 .debug_frame   0x0000000000000514       0x80 ./Core/Src/stm32f1xx_hal_msp.o
 .debug_frame   0x0000000000000594      0x120 ./Core/Src/stm32f1xx_it.o
 .debug_frame   0x00000000000006b4       0x58 ./Core/Src/system_stm32f1xx.o
 .debug_frame   0x000000000000070c       0x60 ./Core/Src/timer.o
 .debug_frame   0x000000000000076c      0x334 ./Drivers/STM32F1xx_HAL_Driver/Src/stm32f1xx_hal.o
 .debug_frame   0x0000000000000aa0      0x428 ./Drivers/STM32F1xx_HAL_Driver/Src/stm32f1xx_hal_cortex.o
 .debug_frame   0x0000000000000ec8      0x14c ./Drivers/STM32F1xx_HAL_Driver/Src/stm32f1xx_hal_gpio.o
 .debug_frame   0x0000000000001014      0x218 ./Drivers/STM32F1xx_HAL_Driver/Src/stm32f1xx_hal_rcc.o
 .debug_frame   0x000000000000122c     0x11b4 ./Drivers/STM32F1xx_HAL_Driver/Src/stm32f1xx_hal_tim.o
 .debug_frame   0x00000000000023e0      0x638 ./Drivers/STM32F1xx_HAL_Driver/Src/stm32f1xx_hal_tim_ex.o
 .debug_frame   0x0000000000002a18       0x2c c:/st/stm32cubeide_1.7.0/stm32cubeide/plugins/com.st.stm32cube.ide.mcu.externaltools.gnu-tools-for-stm32.9-2020-q2-update.win32_2.0.0.202105311346/tools/bin/../lib/gcc/arm-none-eabi/9.3.1/../../../../arm-none-eabi/lib/thumb/v7-m/nofp\libc_nano.a(lib_a-init.o)
 .debug_frame   0x0000000000002a44       0x20 c:/st/stm32cubeide_1.7.0/stm32cubeide/plugins/com.st.stm32cube.ide.mcu.externaltools.gnu-tools-for-stm32.9-2020-q2-update.win32_2.0.0.202105311346/tools/bin/../lib/gcc/arm-none-eabi/9.3.1/../../../../arm-none-eabi/lib/thumb/v7-m/nofp\libc_nano.a(lib_a-memset.o)
 .debug_frame   0x0000000000002a64       0x34 c:/st/stm32cubeide_1.7.0/stm32cubeide/plugins/com.st.stm32cube.ide.mcu.externaltools.gnu-tools-for-stm32.9-2020-q2-update.win32_2.0.0.202105311346/tools/bin/../lib/gcc/arm-none-eabi/9.3.1/../../../../arm-none-eabi/lib/thumb/v7-m/nofp\libm.a(lib_a-s_ceil.o)
 .debug_frame   0x0000000000002a98       0x30 c:/st/stm32cubeide_1.7.0/stm32cubeide/plugins/com.st.stm32cube.ide.mcu.externaltools.gnu-tools-for-stm32.9-2020-q2-update.win32_2.0.0.202105311346/tools/bin/../lib/gcc/arm-none-eabi/9.3.1/thumb/v7-m/nofp\libgcc.a(_arm_muldf3.o)
 .debug_frame   0x0000000000002ac8       0xac c:/st/stm32cubeide_1.7.0/stm32cubeide/plugins/com.st.stm32cube.ide.mcu.externaltools.gnu-tools-for-stm32.9-2020-q2-update.win32_2.0.0.202105311346/tools/bin/../lib/gcc/arm-none-eabi/9.3.1/thumb/v7-m/nofp\libgcc.a(_arm_addsubdf3.o)
 .debug_frame   0x0000000000002b74       0xc4 c:/st/stm32cubeide_1.7.0/stm32cubeide/plugins/com.st.stm32cube.ide.mcu.externaltools.gnu-tools-for-stm32.9-2020-q2-update.win32_2.0.0.202105311346/tools/bin/../lib/gcc/arm-none-eabi/9.3.1/thumb/v7-m/nofp\libgcc.a(_arm_cmpdf2.o)
 .debug_frame   0x0000000000002c38       0x24 c:/st/stm32cubeide_1.7.0/stm32cubeide/plugins/com.st.stm32cube.ide.mcu.externaltools.gnu-tools-for-stm32.9-2020-q2-update.win32_2.0.0.202105311346/tools/bin/../lib/gcc/arm-none-eabi/9.3.1/thumb/v7-m/nofp\libgcc.a(_arm_fixdfsi.o)
